Archive member included to satisfy reference by file (symbol)

app/libapp.a(main.c.obj)      (--whole-archive)
zephyr/libzephyr.a(cbprintf_packaged.c.obj)
                              (--whole-archive)
zephyr/libzephyr.a(crc32c_sw.c.obj)
                              (--whole-archive)
zephyr/libzephyr.a(crc32_sw.c.obj)
                              (--whole-archive)
zephyr/libzephyr.a(crc16_sw.c.obj)
                              (--whole-archive)
zephyr/libzephyr.a(crc8_sw.c.obj)
                              (--whole-archive)
zephyr/libzephyr.a(crc7_sw.c.obj)
                              (--whole-archive)
zephyr/libzephyr.a(dec.c.obj)
                              (--whole-archive)
zephyr/libzephyr.a(fdtable.c.obj)
                              (--whole-archive)
zephyr/libzephyr.a(hex.c.obj)
                              (--whole-archive)
zephyr/libzephyr.a(printk.c.obj)
                              (--whole-archive)
zephyr/libzephyr.a(rb.c.obj)  (--whole-archive)
zephyr/libzephyr.a(sem.c.obj)
                              (--whole-archive)
zephyr/libzephyr.a(thread_entry.c.obj)
                              (--whole-archive)
zephyr/libzephyr.a(timeutil.c.obj)
                              (--whole-archive)
zephyr/libzephyr.a(heap.c.obj)
                              (--whole-archive)
zephyr/libzephyr.a(heap-validate.c.obj)
                              (--whole-archive)
zephyr/libzephyr.a(bitarray.c.obj)
                              (--whole-archive)
zephyr/libzephyr.a(multi_heap.c.obj)
                              (--whole-archive)
zephyr/libzephyr.a(onoff.c.obj)
                              (--whole-archive)
zephyr/libzephyr.a(notify.c.obj)
                              (--whole-archive)
zephyr/libzephyr.a(cbprintf_complete.c.obj)
                              (--whole-archive)
zephyr/libzephyr.a(cbprintf.c.obj)
                              (--whole-archive)
zephyr/libzephyr.a(assert.c.obj)
                              (--whole-archive)
zephyr/libzephyr.a(reboot.c.obj)
                              (--whole-archive)
zephyr/libzephyr.a(configs.c.obj)
                              (--whole-archive)
zephyr/libzephyr.a(soc.c.obj)
                              (--whole-archive)
zephyr/libzephyr.a(power.c.obj)
                              (--whole-archive)
zephyr/libzephyr.a(soc_nrf_common.S.obj)
                              (--whole-archive)
zephyr/libzephyr.a(validate_base_addresses.c.obj)
                              (--whole-archive)
zephyr/libzephyr.a(validate_enabled_instances.c.obj)
                              (--whole-archive)
zephyr/libzephyr.a(thread_info.c.obj)
                              (--whole-archive)
zephyr/libzephyr.a(pm.c.obj)  (--whole-archive)
zephyr/libzephyr.a(policy.c.obj)
                              (--whole-archive)
zephyr/libzephyr.a(state.c.obj)
                              (--whole-archive)
zephyr/libzephyr.a(tracing_none.c.obj)
                              (--whole-archive)
zephyr/libzephyr.a(nrf_cc3xx_platform_abort_zephyr.c.obj)
                              (--whole-archive)
zephyr/libzephyr.a(nrf_cc3xx_platform_mutex_zephyr.c.obj)
                              (--whole-archive)
zephyr/arch/common/libarch__common.a(sw_isr_common.c.obj)
                              (--whole-archive)
zephyr/arch/arch/arm/core/aarch32/libarch__arm__core__aarch32.a(cpu_idle.S.obj)
                              (--whole-archive)
zephyr/arch/arch/arm/core/aarch32/libarch__arm__core__aarch32.a(fatal.c.obj)
                              (--whole-archive)
zephyr/arch/arch/arm/core/aarch32/libarch__arm__core__aarch32.a(irq_manage.c.obj)
                              (--whole-archive)
zephyr/arch/arch/arm/core/aarch32/libarch__arm__core__aarch32.a(nmi.c.obj)
                              (--whole-archive)
zephyr/arch/arch/arm/core/aarch32/libarch__arm__core__aarch32.a(nmi_on_reset.S.obj)
                              (--whole-archive)
zephyr/arch/arch/arm/core/aarch32/libarch__arm__core__aarch32.a(prep_c.c.obj)
                              (--whole-archive)
zephyr/arch/arch/arm/core/aarch32/libarch__arm__core__aarch32.a(swap.c.obj)
                              (--whole-archive)
zephyr/arch/arch/arm/core/aarch32/libarch__arm__core__aarch32.a(swap_helper.S.obj)
                              (--whole-archive)
zephyr/arch/arch/arm/core/aarch32/libarch__arm__core__aarch32.a(thread.c.obj)
                              (--whole-archive)
zephyr/arch/arch/arm/core/aarch32/libarch__arm__core__aarch32.a(isr_wrapper.S.obj)
                              (--whole-archive)
zephyr/arch/arch/arm/core/aarch32/cortex_m/libarch__arm__core__aarch32__cortex_m.a(exc_exit.S.obj)
                              (--whole-archive)
zephyr/arch/arch/arm/core/aarch32/cortex_m/libarch__arm__core__aarch32__cortex_m.a(fault.c.obj)
                              (--whole-archive)
zephyr/arch/arch/arm/core/aarch32/cortex_m/libarch__arm__core__aarch32__cortex_m.a(fault_s.S.obj)
[...]
Memory Configuration

Name             Origin             Length             Attributes
FLASH            0x0000000000000000 0x0000000000100000 xr
RAM              0x0000000020000000 0x0000000000070000 xw
IDT_LIST         0x00000000fffff7ff 0x0000000000000800 xw
*default*        0x0000000000000000 0xffffffffffffffff

Linker script and memory map

LOAD zephyr/CMakeFiles/zephyr_final.dir/misc/empty_file.c.obj
LOAD zephyr/CMakeFiles/zephyr_final.dir/dev_handles.c.obj
LOAD zephyr/CMakeFiles/zephyr_final.dir/isr_tables.c.obj
                0x0000000000000020                _region_min_align = 0x20

.rel.plt        0x0000000000000000        0x0
 *(SORT_BY_ALIGNMENT(.rel.plt))
                [!provide]                        PROVIDE (__rel_iplt_start = .)
 *(SORT_BY_ALIGNMENT(.rel.iplt))
 .rel.iplt      0x0000000000000000        0x0 zephyr/CMakeFiles/zephyr_final.dir/isr_tables.c.obj
                [!provide]                        PROVIDE (__rel_iplt_end = .)

.rela.plt       0x0000000000000000        0x0
 *(SORT_BY_ALIGNMENT(.rela.plt))
                [!provide]                        PROVIDE (__rela_iplt_start = .)
 *(SORT_BY_ALIGNMENT(.rela.iplt))
                [!provide]                        PROVIDE (__rela_iplt_end = .)

.rel.dyn
 *(SORT_BY_ALIGNMENT(.rel.*))

.rela.dyn
 *(SORT_BY_ALIGNMENT(.rela.*))

/DISCARD/
 *(SORT_BY_ALIGNMENT(.plt))

/DISCARD/
 *(SORT_BY_ALIGNMENT(.iplt))
                0x0000000000000000                __rom_region_start = 0x0

rom_start       0x0000000000000000      0x154
                0x0000000000000000                . = 0x0
                0x0000000000000000                . = ALIGN (0x4)
                0x0000000000000000                . = ALIGN (0x80)
                0x0000000000000000                . = ALIGN (0x200)
                0x0000000000000000                _vector_start = .
 *(SORT_BY_ALIGNMENT(.exc_vector_table))
 *(SORT_BY_ALIGNMENT(.exc_vector_table.*))
 .exc_vector_table._vector_table_section
                0x0000000000000000       0x40 zephyr/arch/arch/arm/core/aarch32/cortex_m/libarch__arm__core__aarch32__cortex_m.a(vector_table.S.obj)
                0x0000000000000000                _vector_table
 *(SORT_BY_ALIGNMENT(.vectors))
                0x0000000000000154                _vector_end = .
                0x0000000000000040                . = ALIGN (0x4)
 *(SORT_BY_ALIGNMENT(.gnu.linkonce.irq_vector_table*))
 .gnu.linkonce.irq_vector_table
                0x0000000000000040      0x114 zephyr/CMakeFiles/zephyr_final.dir/isr_tables.c.obj
                0x0000000000000040                _irq_vector_table
                0x0000000000000154                _vector_end = .

text            0x0000000000000154     0x77b8
                0x0000000000000154                __text_region_start = .
 *(SORT_BY_ALIGNMENT(.text))
 .text          0x0000000000000154       0x30 c:/ncs/toolchains/v2.2.0/opt/zephyr-sdk/arm-zephyr-eabi/bin/../lib/gcc/arm-zephyr-eabi/12.1.0/thumb/v8-m.main/nofp\libgcc.a(_aeabi_uldivmod.o)
                0x0000000000000154                __aeabi_uldivmod
 .text          0x0000000000000184        0x4 c:/ncs/toolchains/v2.2.0/opt/zephyr-sdk/arm-zephyr-eabi/bin/../lib/gcc/arm-zephyr-eabi/12.1.0/thumb/v8-m.main/nofp\libgcc.a(_dvmd_tls.o)
                0x0000000000000184                __aeabi_idiv0
                0x0000000000000184                __aeabi_ldiv0
 .text          0x0000000000000188      0x29c c:/ncs/toolchains/v2.2.0/opt/zephyr-sdk/arm-zephyr-eabi/bin/../lib/gcc/arm-zephyr-eabi/12.1.0/thumb/v8-m.main/nofp\libgcc.a(_udivmoddi4.o)
                0x0000000000000188                __udivmoddi4
 *(SORT_BY_ALIGNMENT(.text.*))
 .text.main     0x0000000000000424      0x1c8 app/libapp.a(main.c.obj)
                0x0000000000000424                main
 .text.char_out
                0x00000000000005ec       0x10 zephyr/libzephyr.a(printk.c.obj)
 .text.__printk_hook_install
                0x00000000000005fc        0xc zephyr/libzephyr.a(printk.c.obj)
                0x00000000000005fc                __printk_hook_install
 .text.vprintk  0x0000000000000608       0x1c zephyr/libzephyr.a(printk.c.obj)
                0x0000000000000608                vprintk
 .text.process_event
                0x0000000000000624      0x16c zephyr/libzephyr.a(onoff.c.obj)
 .text.extract_flags
                0x0000000000000790       0xc4 zephyr/libzephyr.a(cbprintf_complete.c.obj)
 .text.z_cbvprintf_impl
                0x0000000000000854      0x598 zephyr/libzephyr.a(cbprintf_complete.c.obj)
                0x0000000000000854                z_cbvprintf_impl
 .text.sys_reboot
                0x0000000000000dec       0x28 zephyr/libzephyr.a(reboot.c.obj)
                0x0000000000000dec                sys_reboot
 .text.nrfx_coredep_delay_us
                0x0000000000000e14       0x2c zephyr/libzephyr.a(soc.c.obj)
 .text.nordicsemi_nrf53_init
                0x0000000000000e40       0x68 zephyr/libzephyr.a(soc.c.obj)
 .text.pm_state_set
                0x0000000000000ea8       0x14 zephyr/libzephyr.a(power.c.obj)
                0x0000000000000ea8                pm_state_set
 .text.z_arm_platform_init
                0x0000000000000ebc        0x4 zephyr/libzephyr.a(soc_nrf_common.S.obj)
                0x0000000000000ebc                z_arm_platform_init
 .text.pm_state_notify
                0x0000000000000ec0       0x5c zephyr/libzephyr.a(pm.c.obj)
 .text.pm_exit_pos_ops
                0x0000000000000f1c       0x20 zephyr/libzephyr.a(pm.c.obj)
 .text.pm_system_resume
                0x0000000000000f3c       0x48 zephyr/libzephyr.a(pm.c.obj)
                0x0000000000000f3c                pm_system_resume
 .text.pm_system_suspend
                0x0000000000000f84      0x104 zephyr/libzephyr.a(pm.c.obj)
                0x0000000000000f84                pm_system_suspend
 .text.pm_policy_next_state
                0x0000000000001088       0x98 zephyr/libzephyr.a(policy.c.obj)
                0x0000000000001088                pm_policy_next_state
 .text.pm_state_cpu_get_all
                0x0000000000001120       0x10 zephyr/libzephyr.a(state.c.obj)
                0x0000000000001120                pm_state_cpu_get_all
 .text.nrf_cc3xx_platform_abort_init
                0x0000000000001130       0x10 zephyr/libzephyr.a(nrf_cc3xx_platform_abort_zephyr.c.obj)
                0x0000000000001130                nrf_cc3xx_platform_abort_init
 .text.mutex_flags_unknown
                0x0000000000001140       0x50 zephyr/libzephyr.a(nrf_cc3xx_platform_mutex_zephyr.c.obj)
 .text.mutex_unlock_platform
                0x0000000000001190       0x6c zephyr/libzephyr.a(nrf_cc3xx_platform_mutex_zephyr.c.obj)
 .text.mutex_lock_platform
                0x00000000000011fc       0x7c zephyr/libzephyr.a(nrf_cc3xx_platform_mutex_zephyr.c.obj)
 .text.mutex_free_platform
                0x0000000000001278       0x58 zephyr/libzephyr.a(nrf_cc3xx_platform_mutex_zephyr.c.obj)
 .text.mutex_init_platform
                0x00000000000012d0       0x88 zephyr/libzephyr.a(nrf_cc3xx_platform_mutex_zephyr.c.obj)
 .text.nrf_cc3xx_platform_mutex_init
                0x0000000000001358       0x28 zephyr/libzephyr.a(nrf_cc3xx_platform_mutex_zephyr.c.obj)
                0x0000000000001358                nrf_cc3xx_platform_mutex_init
 .text.z_arm_cpu_idle_init
                0x0000000000001380        0xc zephyr/arch/arch/arm/core/aarch32/libarch__arm__core__aarch32.a(cpu_idle.S.obj)
                0x0000000000001380                z_arm_cpu_idle_init
 .text.arch_cpu_idle
                0x000000000000138c       0x1c zephyr/arch/arch/arm/core/aarch32/libarch__arm__core__aarch32.a(cpu_idle.S.obj)
                0x000000000000138c                arch_cpu_idle
 .text.arch_cpu_atomic_idle
                0x00000000000013a8       0x14 zephyr/arch/arch/arm/core/aarch32/libarch__arm__core__aarch32.a(cpu_idle.S.obj)
                0x00000000000013a8                arch_cpu_atomic_idle
 .text.__NVIC_EnableIRQ
                0x00000000000013bc       0x1c zephyr/arch/arch/arm/core/aarch32/libarch__arm__core__aarch32.a(irq_manage.c.obj)
 .text.__NVIC_SetPriority
                0x00000000000013d8       0x28 zephyr/arch/arch/arm/core/aarch32/libarch__arm__core__aarch32.a(irq_manage.c.obj)
 .text.arch_irq_is_enabled
                0x0000000000001400       0x1c zephyr/arch/arch/arm/core/aarch32/libarch__arm__core__aarch32.a(irq_manage.c.obj)
                0x0000000000001400                arch_irq_is_enabled
 .text.z_SysNmiOnReset
                0x000000000000141c        0x8 zephyr/arch/arch/arm/core/aarch32/libarch__arm__core__aarch32.a(nmi_on_reset.S.obj)
                0x000000000000141c                z_SysNmiOnReset
 .text.z_arm_prep_c
                0x0000000000001424       0x38 zephyr/arch/arch/arm/core/aarch32/libarch__arm__core__aarch32.a(prep_c.c.obj)
                0x0000000000001424                z_arm_prep_c
 .text.arch_swap
                0x000000000000145c       0x38 zephyr/arch/arch/arm/core/aarch32/libarch__arm__core__aarch32.a(swap.c.obj)
                0x000000000000145c                arch_swap
 .text.z_arm_pendsv
                0x0000000000001494       0x5c zephyr/arch/arch/arm/core/aarch32/libarch__arm__core__aarch32.a(swap_helper.S.obj)
                0x0000000000001494                z_arm_pendsv
 .text.z_arm_svc
                0x00000000000014f0       0x20 zephyr/arch/arch/arm/core/aarch32/libarch__arm__core__aarch32.a(swap_helper.S.obj)
                0x00000000000014f0                z_arm_svc
 .text.arch_new_thread
                0x0000000000001510       0x44 zephyr/arch/arch/arm/core/aarch32/libarch__arm__core__aarch32.a(thread.c.obj)
                0x0000000000001510                arch_new_thread
 .text.arch_switch_to_main_thread
                0x0000000000001554       0x2c zephyr/arch/arch/arm/core/aarch32/libarch__arm__core__aarch32.a(thread.c.obj)
                0x0000000000001554                arch_switch_to_main_thread
 .text._isr_wrapper
                0x0000000000001580       0x40 zephyr/arch/arch/arm/core/aarch32/libarch__arm__core__aarch32.a(isr_wrapper.S.obj)
                0x0000000000001580                _isr_wrapper
 .text._HandlerModeExit
                0x00000000000015c0       0x1c zephyr/arch/arch/arm/core/aarch32/cortex_m/libarch__arm__core__aarch32__cortex_m.a(exc_exit.S.obj)
                0x00000000000015c0                z_arm_int_exit
                0x00000000000015c0                z_arm_exc_exit
 .text.mem_manage_fault
                0x00000000000015dc       0x6c zephyr/arch/arch/arm/core/aarch32/cortex_m/libarch__arm__core__aarch32__cortex_m.a(fault.c.obj)
 .text.bus_fault
                0x0000000000001648       0x54 zephyr/arch/arch/arm/core/aarch32/cortex_m/libarch__arm__core__aarch32__cortex_m.a(fault.c.obj)
 .text.usage_fault
                0x000000000000169c       0x30 zephyr/arch/arch/arm/core/aarch32/cortex_m/libarch__arm__core__aarch32__cortex_m.a(fault.c.obj)
 .text.z_arm_is_synchronous_svc
                0x00000000000016cc       0x3c zephyr/arch/arch/arm/core/aarch32/cortex_m/libarch__arm__core__aarch32__cortex_m.a(fault.c.obj)
 .text.hard_fault
                0x0000000000001708       0x78 zephyr/arch/arch/arm/core/aarch32/cortex_m/libarch__arm__core__aarch32__cortex_m.a(fault.c.obj)
 .text.z_arm_fault
                0x0000000000001780       0x94 zephyr/arch/arch/arm/core/aarch32/cortex_m/libarch__arm__core__aarch32__cortex_m.a(fault.c.obj)
                0x0000000000001780                z_arm_fault
 .text.z_arm_fault_init
                0x0000000000001814       0x18 zephyr/arch/arch/arm/core/aarch32/cortex_m/libarch__arm__core__aarch32__cortex_m.a(fault.c.obj)
                0x0000000000001814                z_arm_fault_init
 .text.__fault  0x000000000000182c       0x14 zephyr/arch/arch/arm/core/aarch32/cortex_m/libarch__arm__core__aarch32__cortex_m.a(fault_s.S.obj)
                0x000000000000182c                z_arm_usage_fault
                0x000000000000182c                z_arm_mpu_fault
                0x000000000000182c                z_arm_exc_spurious
                0x000000000000182c                z_arm_debug_monitor
                0x000000000000182c                z_arm_hard_fault
                0x000000000000182c                z_arm_bus_fault
 .text.z_arm_interrupt_init
                0x0000000000001840       0x34 zephyr/arch/arch/arm/core/aarch32/cortex_m/libarch__arm__core__aarch32__cortex_m.a(irq_init.c.obj)
                0x0000000000001840                z_arm_interrupt_init
 .text._reset_section
                0x0000000000001874       0x68 zephyr/arch/arch/arm/core/aarch32/cortex_m/libarch__arm__core__aarch32__cortex_m.a(reset.S.obj)
                0x0000000000001874                __start
                0x0000000000001874                z_arm_reset
 .text.__NVIC_SystemReset
                0x00000000000018dc       0x24 zephyr/arch/arch/arm/core/aarch32/cortex_m/libarch__arm__core__aarch32__cortex_m.a(scb.c.obj)
 .text.z_arm_clear_arm_mpu_config
                0x0000000000001900       0x28 zephyr/arch/arch/arm/core/aarch32/cortex_m/libarch__arm__core__aarch32__cortex_m.a(scb.c.obj)
                0x0000000000001900                z_arm_clear_arm_mpu_config
 .text.z_arm_init_arch_hw_at_boot
                0x0000000000001928       0x54 zephyr/arch/arch/arm/core/aarch32/cortex_m/libarch__arm__core__aarch32__cortex_m.a(scb.c.obj)
                0x0000000000001928                z_arm_init_arch_hw_at_boot
 .text.z_impl_k_thread_abort
                0x000000000000197c       0x34 zephyr/arch/arch/arm/core/aarch32/cortex_m/libarch__arm__core__aarch32__cortex_m.a(thread_abort.c.obj)
                0x000000000000197c                z_impl_k_thread_abort
 .text.z_arm_configure_static_mpu_regions
                0x00000000000019b0       0x40 zephyr/arch/arch/arm/core/aarch32/mpu/libarch__arm__core__aarch32__mpu.a(arm_core_mpu.c.obj)
                0x00000000000019b0                z_arm_configure_static_mpu_regions
 .text.mpu_init
                0x00000000000019f0       0x14 zephyr/arch/arch/arm/core/aarch32/mpu/libarch__arm__core__aarch32__mpu.a(arm_mpu.c.obj)
 .text.mpu_set_region
                0x0000000000001a04       0x14 zephyr/arch/arch/arm/core/aarch32/mpu/libarch__arm__core__aarch32__mpu.a(arm_mpu.c.obj)
 .text.mpu_region_get_conf
                0x0000000000001a18       0x40 zephyr/arch/arch/arm/core/aarch32/mpu/libarch__arm__core__aarch32__mpu.a(arm_mpu.c.obj)
 .text.mpu_configure_regions_and_partition
                0x0000000000001a58      0x188 zephyr/arch/arch/arm/core/aarch32/mpu/libarch__arm__core__aarch32__mpu.a(arm_mpu.c.obj)
 .text.mpu_configure_static_mpu_regions
                0x0000000000001be0       0x14 zephyr/arch/arch/arm/core/aarch32/mpu/libarch__arm__core__aarch32__mpu.a(arm_mpu.c.obj)
 .text.mpu_mark_areas_for_dynamic_regions
                0x0000000000001bf4       0x60 zephyr/arch/arch/arm/core/aarch32/mpu/libarch__arm__core__aarch32__mpu.a(arm_mpu.c.obj)
 .text.arm_core_mpu_enable
                0x0000000000001c54       0x18 zephyr/arch/arch/arm/core/aarch32/mpu/libarch__arm__core__aarch32__mpu.a(arm_mpu.c.obj)
                0x0000000000001c54                arm_core_mpu_enable
 .text.arm_core_mpu_disable
                0x0000000000001c6c       0x14 zephyr/arch/arch/arm/core/aarch32/mpu/libarch__arm__core__aarch32__mpu.a(arm_mpu.c.obj)
                0x0000000000001c6c                arm_core_mpu_disable
 .text.z_arm_mpu_init
                0x0000000000001c80       0x44 zephyr/arch/arch/arm/core/aarch32/mpu/libarch__arm__core__aarch32__mpu.a(arm_mpu.c.obj)
                0x0000000000001c80                z_arm_mpu_init
 .text.__stdout_hook_install
                0x0000000000001cc4        0xc zephyr/lib/libc/minimal/liblib__libc__minimal.a(stdout_console.c.obj)
                0x0000000000001cc4                __stdout_hook_install
 .text.adc_gain_invert
                0x0000000000001cd0       0x3c zephyr/drivers/adc/libdrivers__adc.a(adc_common.c.obj)
                0x0000000000001cd0                adc_gain_invert
 .text.adc_nrfx_channel_setup
                0x0000000000001d0c      0x14c zephyr/drivers/adc/libdrivers__adc.a(adc_nrfx_saadc.c.obj)
 .text.adc_context_start_sampling
                0x0000000000001e58       0x24 zephyr/drivers/adc/libdrivers__adc.a(adc_nrfx_saadc.c.obj)
 .text.adc_context_update_buffer_pointer
                0x0000000000001e7c       0x1c zephyr/drivers/adc/libdrivers__adc.a(adc_nrfx_saadc.c.obj)
 .text.set_resolution
                0x0000000000001e98       0x38 zephyr/drivers/adc/libdrivers__adc.a(adc_nrfx_saadc.c.obj)
 .text.set_oversampling
                0x0000000000001ed0       0x38 zephyr/drivers/adc/libdrivers__adc.a(adc_nrfx_saadc.c.obj)
 .text.adc_context_enable_timer
                0x0000000000001f08       0x3c zephyr/drivers/adc/libdrivers__adc.a(adc_nrfx_saadc.c.obj)
 .text.start_read
                0x0000000000001f44       0xcc zephyr/drivers/adc/libdrivers__adc.a(adc_nrfx_saadc.c.obj)
 .text.adc_nrfx_read_async
                0x0000000000002010       0x2c zephyr/drivers/adc/libdrivers__adc.a(adc_nrfx_saadc.c.obj)
 .text.adc_nrfx_read
                0x000000000000203c       0x2c zephyr/drivers/adc/libdrivers__adc.a(adc_nrfx_saadc.c.obj)
 .text.init_saadc
                0x0000000000002068       0x40 zephyr/drivers/adc/libdrivers__adc.a(adc_nrfx_saadc.c.obj)
 .text.saadc_irq_handler
                0x00000000000020a8       0x50 zephyr/drivers/adc/libdrivers__adc.a(adc_nrfx_saadc.c.obj)
 .text.get_hf_flags
                0x00000000000020f8        0x8 zephyr/drivers/clock_control/libdrivers__clock_control.a(clock_control_nrf.c.obj)
 .text.get_subsys
                0x0000000000002100       0x18 zephyr/drivers/clock_control/libdrivers__clock_control.a(clock_control_nrf.c.obj)
 .text.onoff_stop
                0x0000000000002118       0x20 zephyr/drivers/clock_control/libdrivers__clock_control.a(clock_control_nrf.c.obj)
 .text.onoff_start
                0x0000000000002138       0x34 zephyr/drivers/clock_control/libdrivers__clock_control.a(clock_control_nrf.c.obj)
 .text.clock_event_handler
                0x000000000000216c       0x4c zephyr/drivers/clock_control/libdrivers__clock_control.a(clock_control_nrf.c.obj)
 .text.generic_hfclk_start
                0x00000000000021b8       0x70 zephyr/drivers/clock_control/libdrivers__clock_control.a(clock_control_nrf.c.obj)
 .text.generic_hfclk_stop
                0x0000000000002228       0x28 zephyr/drivers/clock_control/libdrivers__clock_control.a(clock_control_nrf.c.obj)
 .text.lfclk_spinwait
                0x0000000000002250       0xd8 zephyr/drivers/clock_control/libdrivers__clock_control.a(clock_control_nrf.c.obj)
 .text.api_blocking_start
                0x0000000000002328       0x3c zephyr/drivers/clock_control/libdrivers__clock_control.a(clock_control_nrf.c.obj)
 .text.clk_init
                0x0000000000002364       0x60 zephyr/drivers/clock_control/libdrivers__clock_control.a(clock_control_nrf.c.obj)
 .text.z_nrf_clock_control_lf_on
                0x00000000000023c4       0x4c zephyr/drivers/clock_control/libdrivers__clock_control.a(clock_control_nrf.c.obj)
                0x00000000000023c4                z_nrf_clock_control_lf_on
 .text.console_out
                0x0000000000002410       0x28 zephyr/drivers/console/libdrivers__console.a(uart_console.c.obj)
 .text.uart_console_hook_install
                0x0000000000002438       0x18 zephyr/drivers/console/libdrivers__console.a(uart_console.c.obj)
 .text.uart_console_init
                0x0000000000002450       0x1c zephyr/drivers/console/libdrivers__console.a(uart_console.c.obj)
 .text.get_dev  0x000000000000246c       0x1c zephyr/drivers/gpio/libdrivers__gpio.a(gpio_nrfx.c.obj)
 .text.gpio_nrfx_pin_interrupt_configure
                0x0000000000002488       0xc8 zephyr/drivers/gpio/libdrivers__gpio.a(gpio_nrfx.c.obj)
 .text.gpio_nrfx_pin_configure
                0x0000000000002550      0x10c zephyr/drivers/gpio/libdrivers__gpio.a(gpio_nrfx.c.obj)
 .text.gpio_nrfx_init
                0x000000000000265c       0x3c zephyr/drivers/gpio/libdrivers__gpio.a(gpio_nrfx.c.obj)
 .text.baudrate_set
                0x0000000000002698      0x150 zephyr/drivers/serial/libdrivers__serial.a(uart_nrfx_uarte.c.obj)
 .text.uarte_nrfx_poll_out
                0x00000000000027e8       0x5c zephyr/drivers/serial/libdrivers__serial.a(uart_nrfx_uarte.c.obj)
 .text.endtx_stoptx_ppi_init
                0x0000000000002844       0x40 zephyr/drivers/serial/libdrivers__serial.a(uart_nrfx_uarte.c.obj)
 .text.set_comparator
                0x0000000000002884       0x14 zephyr/drivers/timer/libdrivers__timer.a(nrf_rtc_timer.c.obj)
 .text.get_comparator
                0x0000000000002898       0x10 zephyr/drivers/timer/libdrivers__timer.a(nrf_rtc_timer.c.obj)
 .text.event_enable
                0x00000000000028a8       0x14 zephyr/drivers/timer/libdrivers__timer.a(nrf_rtc_timer.c.obj)
 .text.event_disable
                0x00000000000028bc       0x14 zephyr/drivers/timer/libdrivers__timer.a(nrf_rtc_timer.c.obj)
 .text.counter  0x00000000000028d0        0xc zephyr/drivers/timer/libdrivers__timer.a(nrf_rtc_timer.c.obj)
 .text.compare_int_lock
                0x00000000000028dc       0x44 zephyr/drivers/timer/libdrivers__timer.a(nrf_rtc_timer.c.obj)
 .text.channel_processing_check_and_clear
                0x0000000000002920       0x6c zephyr/drivers/timer/libdrivers__timer.a(nrf_rtc_timer.c.obj)
 .text.compare_int_unlock
                0x000000000000298c       0x50 zephyr/drivers/timer/libdrivers__timer.a(nrf_rtc_timer.c.obj)
 .text.sys_clock_timeout_handler
                0x00000000000029dc       0x78 zephyr/drivers/timer/libdrivers__timer.a(nrf_rtc_timer.c.obj)
 .text.z_nrf_rtc_timer_read
                0x0000000000002a54       0x40 zephyr/drivers/timer/libdrivers__timer.a(nrf_rtc_timer.c.obj)
                0x0000000000002a54                z_nrf_rtc_timer_read
 .text.compare_set_nolocks
                0x0000000000002a94       0x98 zephyr/drivers/timer/libdrivers__timer.a(nrf_rtc_timer.c.obj)
 .text.sys_clock_driver_init
                0x0000000000002b2c       0x94 zephyr/drivers/timer/libdrivers__timer.a(nrf_rtc_timer.c.obj)
 .text.process_channel
                0x0000000000002bc0       0x74 zephyr/drivers/timer/libdrivers__timer.a(nrf_rtc_timer.c.obj)
 .text.rtc_nrf_isr
                0x0000000000002c34       0x44 zephyr/drivers/timer/libdrivers__timer.a(nrf_rtc_timer.c.obj)
                0x0000000000002c34                rtc_nrf_isr
 .text.sys_clock_set_timeout
                0x0000000000002c78       0x64 zephyr/drivers/timer/libdrivers__timer.a(nrf_rtc_timer.c.obj)
                0x0000000000002c78                sys_clock_set_timeout
 .text.sys_clock_elapsed
                0x0000000000002cdc       0x14 zephyr/drivers/timer/libdrivers__timer.a(nrf_rtc_timer.c.obj)
                0x0000000000002cdc                sys_clock_elapsed
 .text.nrf_gpio_cfg
                0x0000000000002cf0       0x4c zephyr/drivers/pinctrl/libdrivers__pinctrl.a(pinctrl_nrf.c.obj)
 .text.nrf_gpio_pin_write
                0x0000000000002d3c       0x3c zephyr/drivers/pinctrl/libdrivers__pinctrl.a(pinctrl_nrf.c.obj)
 .text.pinctrl_configure_pins
                0x0000000000002d78      0x260 zephyr/drivers/pinctrl/libdrivers__pinctrl.a(pinctrl_nrf.c.obj)
                0x0000000000002d78                pinctrl_configure_pins
 .text.SystemCoreClockUpdate
                0x0000000000002fd8       0x20 modules/hal_nordic/nrfx/libmodules__hal_nordic__nrfx.a(system_nrf5340_application.c.obj)
                0x0000000000002fd8                SystemCoreClockUpdate
 .text.SystemInit
                0x0000000000002ff8      0x160 modules/hal_nordic/nrfx/libmodules__hal_nordic__nrfx.a(system_nrf5340_application.c.obj)
                0x0000000000002ff8                SystemInit
 .text.nrfx_flag32_alloc
                0x0000000000003158       0x48 modules/hal_nordic/nrfx/libmodules__hal_nordic__nrfx.a(nrfx_flag32_allocator.c.obj)
                0x0000000000003158                nrfx_flag32_alloc
 .text.nrfx_flag32_free
                0x00000000000031a0       0x3c modules/hal_nordic/nrfx/libmodules__hal_nordic__nrfx.a(nrfx_flag32_allocator.c.obj)
                0x00000000000031a0                nrfx_flag32_free
 .text.nrfx_clock_init
                0x00000000000031dc       0x24 modules/hal_nordic/nrfx/libmodules__hal_nordic__nrfx.a(nrfx_clock.c.obj)
                0x00000000000031dc                nrfx_clock_init
 .text.nrfx_power_clock_irq_handler
                0x0000000000003200       0xc8 modules/hal_nordic/nrfx/libmodules__hal_nordic__nrfx.a(nrfx_clock.c.obj)
                0x0000000000003200                nrfx_power_clock_irq_handler
 .text.nrfx_dppi_channel_alloc
                0x00000000000032c8       0x10 modules/hal_nordic/nrfx/libmodules__hal_nordic__nrfx.a(nrfx_dppi.c.obj)
                0x00000000000032c8                nrfx_dppi_channel_alloc
 .text.nrf_gpio_reconfigure
                0x00000000000032d8       0xb8 modules/hal_nordic/nrfx/libmodules__hal_nordic__nrfx.a(nrfx_gpiote.c.obj)
 .text.nrf_gpio_cfg_default
                0x0000000000003390       0x2c modules/hal_nordic/nrfx/libmodules__hal_nordic__nrfx.a(nrfx_gpiote.c.obj)
 .text.nrf_gpio_latches_read_and_clear
                0x00000000000033bc       0x40 modules/hal_nordic/nrfx/libmodules__hal_nordic__nrfx.a(nrfx_gpiote.c.obj)
 .text.pin_in_use
                0x00000000000033fc       0x14 modules/hal_nordic/nrfx/libmodules__hal_nordic__nrfx.a(nrfx_gpiote.c.obj)
 .text.pin_in_use_by_te
                0x0000000000003410       0x14 modules/hal_nordic/nrfx/libmodules__hal_nordic__nrfx.a(nrfx_gpiote.c.obj)
 .text.pin_has_trigger
                0x0000000000003424       0x18 modules/hal_nordic/nrfx/libmodules__hal_nordic__nrfx.a(nrfx_gpiote.c.obj)
 .text.pin_is_output
                0x000000000000343c       0x14 modules/hal_nordic/nrfx/libmodules__hal_nordic__nrfx.a(nrfx_gpiote.c.obj)
 .text.pin_te_get
                0x0000000000003450       0x10 modules/hal_nordic/nrfx/libmodules__hal_nordic__nrfx.a(nrfx_gpiote.c.obj)
 .text.handler_in_use
                0x0000000000003460       0x34 modules/hal_nordic/nrfx/libmodules__hal_nordic__nrfx.a(nrfx_gpiote.c.obj)
 .text.find_handler
                0x0000000000003494       0x2c modules/hal_nordic/nrfx/libmodules__hal_nordic__nrfx.a(nrfx_gpiote.c.obj)
 .text.get_initial_sense
                0x00000000000034c0       0x4c modules/hal_nordic/nrfx/libmodules__hal_nordic__nrfx.a(nrfx_gpiote.c.obj)
 .text.channel_handler_get
                0x000000000000350c       0x20 modules/hal_nordic/nrfx/libmodules__hal_nordic__nrfx.a(nrfx_gpiote.c.obj)
 .text.call_handler
                0x000000000000352c       0x2c modules/hal_nordic/nrfx/libmodules__hal_nordic__nrfx.a(nrfx_gpiote.c.obj)
 .text.next_sense_cond_call_handler
                0x0000000000003558       0x84 modules/hal_nordic/nrfx/libmodules__hal_nordic__nrfx.a(nrfx_gpiote.c.obj)
 .text.release_handler
                0x00000000000035dc       0x44 modules/hal_nordic/nrfx/libmodules__hal_nordic__nrfx.a(nrfx_gpiote.c.obj)
 .text.pin_handler_trigger_uninit
                0x0000000000003620       0x3c modules/hal_nordic/nrfx/libmodules__hal_nordic__nrfx.a(nrfx_gpiote.c.obj)
 .text.pin_handler_set
                0x000000000000365c       0x6c modules/hal_nordic/nrfx/libmodules__hal_nordic__nrfx.a(nrfx_gpiote.c.obj)
 .text.port_event_handle
                0x00000000000036c8       0xa8 modules/hal_nordic/nrfx/libmodules__hal_nordic__nrfx.a(nrfx_gpiote.c.obj)
 .text.gpiote_evt_handle
                0x0000000000003770       0x44 modules/hal_nordic/nrfx/libmodules__hal_nordic__nrfx.a(nrfx_gpiote.c.obj)
 .text.nrfx_gpiote_input_configure
                0x00000000000037b4      0x12c modules/hal_nordic/nrfx/libmodules__hal_nordic__nrfx.a(nrfx_gpiote.c.obj)
                0x00000000000037b4                nrfx_gpiote_input_configure
 .text.nrfx_gpiote_output_configure
                0x00000000000038e0       0xd8 modules/hal_nordic/nrfx/libmodules__hal_nordic__nrfx.a(nrfx_gpiote.c.obj)
                0x00000000000038e0                nrfx_gpiote_output_configure
 .text.nrfx_gpiote_global_callback_set
                0x00000000000039b8        0xc modules/hal_nordic/nrfx/libmodules__hal_nordic__nrfx.a(nrfx_gpiote.c.obj)
                0x00000000000039b8                nrfx_gpiote_global_callback_set
 .text.nrfx_gpiote_channel_get
                0x00000000000039c4       0x30 modules/hal_nordic/nrfx/libmodules__hal_nordic__nrfx.a(nrfx_gpiote.c.obj)
                0x00000000000039c4                nrfx_gpiote_channel_get
 .text.nrfx_gpiote_init
                0x00000000000039f4       0x54 modules/hal_nordic/nrfx/libmodules__hal_nordic__nrfx.a(nrfx_gpiote.c.obj)
                0x00000000000039f4                nrfx_gpiote_init
 .text.nrfx_gpiote_is_init
                0x0000000000003a48       0x14 modules/hal_nordic/nrfx/libmodules__hal_nordic__nrfx.a(nrfx_gpiote.c.obj)
                0x0000000000003a48                nrfx_gpiote_is_init
 .text.nrfx_gpiote_channel_free
                0x0000000000003a5c       0x10 modules/hal_nordic/nrfx/libmodules__hal_nordic__nrfx.a(nrfx_gpiote.c.obj)
                0x0000000000003a5c                nrfx_gpiote_channel_free
 .text.nrfx_gpiote_channel_alloc
                0x0000000000003a6c       0x10 modules/hal_nordic/nrfx/libmodules__hal_nordic__nrfx.a(nrfx_gpiote.c.obj)
                0x0000000000003a6c                nrfx_gpiote_channel_alloc
 .text.nrfx_gpiote_trigger_enable
                0x0000000000003a7c       0x64 modules/hal_nordic/nrfx/libmodules__hal_nordic__nrfx.a(nrfx_gpiote.c.obj)
                0x0000000000003a7c                nrfx_gpiote_trigger_enable
 .text.nrfx_gpiote_trigger_disable
                0x0000000000003ae0       0x44 modules/hal_nordic/nrfx/libmodules__hal_nordic__nrfx.a(nrfx_gpiote.c.obj)
                0x0000000000003ae0                nrfx_gpiote_trigger_disable
 .text.nrfx_gpiote_pin_uninit
                0x0000000000003b24       0x2c modules/hal_nordic/nrfx/libmodules__hal_nordic__nrfx.a(nrfx_gpiote.c.obj)
                0x0000000000003b24                nrfx_gpiote_pin_uninit
 .text.nrfx_gpiote_irq_handler
                0x0000000000003b50       0x60 modules/hal_nordic/nrfx/libmodules__hal_nordic__nrfx.a(nrfx_gpiote.c.obj)
                0x0000000000003b50                nrfx_gpiote_irq_handler
 .text.z_device_state_init
                0x0000000000003bb0       0x18 zephyr/kernel/libkernel.a(device.c.obj)
                0x0000000000003bb0                z_device_state_init
 .text.z_sys_init_run_level
                0x0000000000003bc8       0x50 zephyr/kernel/libkernel.a(init.c.obj)
 .text.init_idle_thread
                0x0000000000003c18       0x60 zephyr/kernel/libkernel.a(init.c.obj)
 .text.bg_thread_main
                0x0000000000003c78       0x34 zephyr/kernel/libkernel.a(init.c.obj)
 .text.switch_to_main_thread
                0x0000000000003cac       0x14 zephyr/kernel/libkernel.a(init.c.obj)
 .text.z_bss_zero
                0x0000000000003cc0       0x18 zephyr/kernel/libkernel.a(init.c.obj)
                0x0000000000003cc0                z_bss_zero
 .text.z_init_cpu
                0x0000000000003cd8       0x40 zephyr/kernel/libkernel.a(init.c.obj)
                0x0000000000003cd8                z_init_cpu
 .text.prepare_multithreading
                0x0000000000003d18       0x60 zephyr/kernel/libkernel.a(init.c.obj)
 .text.z_cstart
                0x0000000000003d78       0x8c zephyr/kernel/libkernel.a(init.c.obj)
                0x0000000000003d78                z_cstart
 .text.init_mem_slab_module
                0x0000000000003e04       0x24 zephyr/kernel/libkernel.a(mem_slab.c.obj)
 .text.k_mem_slab_alloc
                0x0000000000003e28       0x68 zephyr/kernel/libkernel.a(mem_slab.c.obj)
                0x0000000000003e28                k_mem_slab_alloc
 .text.z_thread_monitor_exit
                0x0000000000003e90       0x40 zephyr/kernel/libkernel.a(thread.c.obj)
                0x0000000000003e90                z_thread_monitor_exit
 .text.z_impl_k_thread_name_set
                0x0000000000003ed0       0x24 zephyr/kernel/libkernel.a(thread.c.obj)
                0x0000000000003ed0                z_impl_k_thread_name_set
 .text.schedule_new_thread
                0x0000000000003ef4       0x1c zephyr/kernel/libkernel.a(thread.c.obj)
 .text.z_setup_new_thread
                0x0000000000003f10       0xc8 zephyr/kernel/libkernel.a(thread.c.obj)
                0x0000000000003f10                z_setup_new_thread
 .text.z_init_static_threads
                0x0000000000003fd8       0x94 zephyr/kernel/libkernel.a(thread.c.obj)
                0x0000000000003fd8                z_init_static_threads
 .text.idle     0x000000000000406c       0x3c zephyr/kernel/libkernel.a(idle.c.obj)
                0x000000000000406c                idle
 .text.z_impl_k_mutex_lock
                0x00000000000040a8      0x108 zephyr/kernel/libkernel.a(mutex.c.obj)
                0x00000000000040a8                z_impl_k_mutex_lock
 .text.z_impl_k_mutex_unlock
                0x00000000000041b0       0x7c zephyr/kernel/libkernel.a(mutex.c.obj)
                0x00000000000041b0                z_impl_k_mutex_unlock
 .text.z_impl_k_sem_give
                0x000000000000422c       0x50 zephyr/kernel/libkernel.a(sem.c.obj)
                0x000000000000422c                z_impl_k_sem_give
 .text.z_impl_k_sem_take
                0x000000000000427c       0x50 zephyr/kernel/libkernel.a(sem.c.obj)
                0x000000000000427c                z_impl_k_sem_take
 .text.sliceable
                0x00000000000042cc       0x3c zephyr/kernel/libkernel.a(sched.c.obj)
 .text.add_thread_timeout
                0x0000000000004308       0x20 zephyr/kernel/libkernel.a(sched.c.obj)
 .text.z_reset_time_slice
                0x0000000000004328       0x28 zephyr/kernel/libkernel.a(sched.c.obj)
                0x0000000000004328                z_reset_time_slice
 .text.k_sched_time_slice_set
                0x0000000000004350       0x74 zephyr/kernel/libkernel.a(sched.c.obj)
                0x0000000000004350                k_sched_time_slice_set
 .text.z_reschedule
                0x00000000000043c4       0x2c zephyr/kernel/libkernel.a(sched.c.obj)
                0x00000000000043c4                z_reschedule
 .text.k_sched_lock
                0x00000000000043f0       0x34 zephyr/kernel/libkernel.a(sched.c.obj)
                0x00000000000043f0                k_sched_lock
 .text.update_cache
                0x0000000000004424       0x50 zephyr/kernel/libkernel.a(sched.c.obj)
 .text.move_thread_to_end_of_prio_q
                0x0000000000004474       0x8c zephyr/kernel/libkernel.a(sched.c.obj)
 .text.slice_expired_locked
                0x0000000000004500       0x28 zephyr/kernel/libkernel.a(sched.c.obj)
 .text.z_time_slice
                0x0000000000004528       0x78 zephyr/kernel/libkernel.a(sched.c.obj)
                0x0000000000004528                z_time_slice
 .text.ready_thread
                0x00000000000045a0       0x78 zephyr/kernel/libkernel.a(sched.c.obj)
 .text.z_sched_start
                0x0000000000004618       0x3c zephyr/kernel/libkernel.a(sched.c.obj)
                0x0000000000004618                z_sched_start
 .text.unready_thread
                0x0000000000004654       0x38 zephyr/kernel/libkernel.a(sched.c.obj)
 .text.z_pend_curr
                0x000000000000468c       0x38 zephyr/kernel/libkernel.a(sched.c.obj)
                0x000000000000468c                z_pend_curr
 .text.z_set_prio
                0x00000000000046c4       0xbc zephyr/kernel/libkernel.a(sched.c.obj)
                0x00000000000046c4                z_set_prio
 .text.z_impl_k_thread_suspend
                0x0000000000004780       0x74 zephyr/kernel/libkernel.a(sched.c.obj)
                0x0000000000004780                z_impl_k_thread_suspend
 .text.k_sched_unlock
                0x00000000000047f4       0x40 zephyr/kernel/libkernel.a(sched.c.obj)
                0x00000000000047f4                k_sched_unlock
 .text.end_thread
                0x0000000000004834       0x64 zephyr/kernel/libkernel.a(sched.c.obj)
 .text.z_sched_init
                0x0000000000004898       0x18 zephyr/kernel/libkernel.a(sched.c.obj)
                0x0000000000004898                z_sched_init
 .text.z_impl_k_yield
                0x00000000000048b0       0x8c zephyr/kernel/libkernel.a(sched.c.obj)
                0x00000000000048b0                z_impl_k_yield
 .text.z_tick_sleep
                0x000000000000493c       0x98 zephyr/kernel/libkernel.a(sched.c.obj)
 .text.z_impl_k_sleep
                0x00000000000049d4       0x54 zephyr/kernel/libkernel.a(sched.c.obj)
                0x00000000000049d4                z_impl_k_sleep
 .text.z_impl_z_current_get
                0x0000000000004a28        0xc zephyr/kernel/libkernel.a(sched.c.obj)
                0x0000000000004a28                z_impl_z_current_get
 .text.z_thread_abort
                0x0000000000004a34       0x70 zephyr/kernel/libkernel.a(sched.c.obj)
                0x0000000000004a34                z_thread_abort
 .text.z_sched_wait
                0x0000000000004aa4       0x28 zephyr/kernel/libkernel.a(sched.c.obj)
                0x0000000000004aa4                z_sched_wait
 .text.z_data_copy
                0x0000000000004acc       0x34 zephyr/kernel/libkernel.a(xip.c.obj)
                0x0000000000004acc                z_data_copy
 .text.first    0x0000000000004b00       0x14 zephyr/kernel/libkernel.a(timeout.c.obj)
 .text.next     0x0000000000004b14       0x18 zephyr/kernel/libkernel.a(timeout.c.obj)
 .text.elapsed  0x0000000000004b2c       0x18 zephyr/kernel/libkernel.a(timeout.c.obj)
 .text.next_timeout
                0x0000000000004b44       0x4c zephyr/kernel/libkernel.a(timeout.c.obj)
 .text.z_add_timeout
                0x0000000000004b90      0x114 zephyr/kernel/libkernel.a(timeout.c.obj)
                0x0000000000004b90                z_add_timeout
 .text.sys_clock_announce
                0x0000000000004ca4       0xc4 zephyr/kernel/libkernel.a(timeout.c.obj)
                0x0000000000004ca4                sys_clock_announce
 .text.sys_clock_tick_get
                0x0000000000004d68       0x40 zephyr/kernel/libkernel.a(timeout.c.obj)
                0x0000000000004d68                sys_clock_tick_get
 .text.z_timer_expiration_handler
                0x0000000000004da8       0xdc zephyr/kernel/libkernel.a(timer.c.obj)
                0x0000000000004da8                z_timer_expiration_handler
 .text.z_impl_k_timer_start
                0x0000000000004e84       0xb0 zephyr/kernel/libkernel.a(timer.c.obj)
                0x0000000000004e84                z_impl_k_timer_start
 .text.z_impl_k_poll_signal_raise
                0x0000000000004f34       0x54 zephyr/kernel/libkernel.a(poll.c.obj)
                0x0000000000004f34                z_impl_k_poll_signal_raise
 .text.boot_banner
                0x0000000000004f88       0x10 zephyr/kernel/libkernel.a(banner.c.obj)
                0x0000000000004f88                boot_banner
 .text.k_sys_work_q_init
                0x0000000000004f98       0x34 zephyr/kernel/libkernel.a(system_work_q.c.obj)
 .text.queue_submit_locked
                0x0000000000004fcc       0x7c zephyr/kernel/libkernel.a(work.c.obj)
 .text.finalize_cancel_locked
                0x0000000000005048       0x60 zephyr/kernel/libkernel.a(work.c.obj)
 .text.work_queue_main
                0x00000000000050a8       0xf0 zephyr/kernel/libkernel.a(work.c.obj)
 .text.k_work_queue_start
                0x0000000000005198       0x7c zephyr/kernel/libkernel.a(work.c.obj)
                0x0000000000005198                k_work_queue_start
 .text.nrf_cc3xx_platform_init_no_rng
                0x0000000000005214       0x38 C:/ncs/v2.2.0/nrfxlib/crypto/nrf_cc312_platform/lib/cortex-m33/soft-float/no-interrupts/libnrf_cc312_platform_0.9.16.a(nrf_cc3xx_platform.c.obj)
                0x0000000000005214                nrf_cc3xx_platform_init_no_rng
 .text.nrf_cc3xx_platform_abort
                0x000000000000524c       0x24 C:/ncs/v2.2.0/nrfxlib/crypto/nrf_cc312_platform/lib/cortex-m33/soft-float/no-interrupts/libnrf_cc312_platform_0.9.16.a(nrf_cc3xx_platform_abort.c.obj)
 .text.CC_PalAbort
                0x0000000000005270       0x44 C:/ncs/v2.2.0/nrfxlib/crypto/nrf_cc312_platform/lib/cortex-m33/soft-float/no-interrupts/libnrf_cc312_platform_0.9.16.a(nrf_cc3xx_platform_abort.c.obj)
                0x0000000000005270                CC_PalAbort
 .text.nrf_cc3xx_platform_set_abort
                0x00000000000052b4       0x10 C:/ncs/v2.2.0/nrfxlib/crypto/nrf_cc312_platform/lib/cortex-m33/soft-float/no-interrupts/libnrf_cc312_platform_0.9.16.a(nrf_cc3xx_platform_abort.c.obj)
                0x00000000000052b4                nrf_cc3xx_platform_set_abort
 .text.mutex_free
                0x00000000000052c4       0x34 C:/ncs/v2.2.0/nrfxlib/crypto/nrf_cc312_platform/lib/cortex-m33/soft-float/no-interrupts/libnrf_cc312_platform_0.9.16.a(nrf_cc3xx_platform_mutex.c.obj)
 .text.mutex_lock
                0x00000000000052f8       0x48 C:/ncs/v2.2.0/nrfxlib/crypto/nrf_cc312_platform/lib/cortex-m33/soft-float/no-interrupts/libnrf_cc312_platform_0.9.16.a(nrf_cc3xx_platform_mutex.c.obj)
 .text.mutex_unlock
                0x0000000000005340       0x38 C:/ncs/v2.2.0/nrfxlib/crypto/nrf_cc312_platform/lib/cortex-m33/soft-float/no-interrupts/libnrf_cc312_platform_0.9.16.a(nrf_cc3xx_platform_mutex.c.obj)
 .text.mutex_init
                0x0000000000005378       0x20 C:/ncs/v2.2.0/nrfxlib/crypto/nrf_cc312_platform/lib/cortex-m33/soft-float/no-interrupts/libnrf_cc312_platform_0.9.16.a(nrf_cc3xx_platform_mutex.c.obj)
 .text.nrf_cc3xx_platform_set_mutexes
                0x0000000000005398       0x78 C:/ncs/v2.2.0/nrfxlib/crypto/nrf_cc312_platform/lib/cortex-m33/soft-float/no-interrupts/libnrf_cc312_platform_0.9.16.a(nrf_cc3xx_platform_mutex.c.obj)
                0x0000000000005398                nrf_cc3xx_platform_set_mutexes
 .text.CC_LibInitNoRng
                0x0000000000005410       0x28 C:/ncs/v2.2.0/nrfxlib/crypto/nrf_cc312_platform/lib/cortex-m33/soft-float/no-interrupts/libnrf_cc312_platform_0.9.16.a(cc_lib.c.obj)
                0x0000000000005410                CC_LibInitNoRng
 .text.CC_HalInit
                0x0000000000005438        0x4 C:/ncs/v2.2.0/nrfxlib/crypto/nrf_cc312_platform/lib/cortex-m33/soft-float/no-interrupts/libnrf_cc312_platform_0.9.16.a(cc_hal.c.obj)
                0x0000000000005438                CC_HalInit
 .text.CC_PalInit
                0x000000000000543c       0x5c C:/ncs/v2.2.0/nrfxlib/crypto/nrf_cc312_platform/lib/cortex-m33/soft-float/no-interrupts/libnrf_cc312_platform_0.9.16.a(cc_pal.c.obj)
                0x000000000000543c                CC_PalInit
 .text.CC_PalTerminate
                0x0000000000005498       0x34 C:/ncs/v2.2.0/nrfxlib/crypto/nrf_cc312_platform/lib/cortex-m33/soft-float/no-interrupts/libnrf_cc312_platform_0.9.16.a(cc_pal.c.obj)
                0x0000000000005498                CC_PalTerminate
 .text.CC_PalDmaInit
                0x00000000000054cc        0x4 C:/ncs/v2.2.0/nrfxlib/crypto/nrf_cc312_platform/lib/cortex-m33/soft-float/no-interrupts/libnrf_cc312_platform_0.9.16.a(cc_pal_dma.c.obj)
                0x00000000000054cc                CC_PalDmaInit
 .text.CC_PalDmaTerminate
                0x00000000000054d0        0x4 C:/ncs/v2.2.0/nrfxlib/crypto/nrf_cc312_platform/lib/cortex-m33/soft-float/no-interrupts/libnrf_cc312_platform_0.9.16.a(cc_pal_dma.c.obj)
                0x00000000000054d0                CC_PalDmaTerminate
 .text.CC_PalMutexCreate
                0x00000000000054d4       0x14 C:/ncs/v2.2.0/nrfxlib/crypto/nrf_cc312_platform/lib/cortex-m33/soft-float/no-interrupts/libnrf_cc312_platform_0.9.16.a(cc_pal_mutex.c.obj)
                0x00000000000054d4                CC_PalMutexCreate
 .text.CC_PalMutexDestroy
                0x00000000000054e8       0x14 C:/ncs/v2.2.0/nrfxlib/crypto/nrf_cc312_platform/lib/cortex-m33/soft-float/no-interrupts/libnrf_cc312_platform_0.9.16.a(cc_pal_mutex.c.obj)
                0x00000000000054e8                CC_PalMutexDestroy
 .text.CC_PalPowerSaveModeInit
                0x00000000000054fc       0x3c C:/ncs/v2.2.0/nrfxlib/crypto/nrf_cc312_platform/lib/cortex-m33/soft-float/no-interrupts/libnrf_cc312_platform_0.9.16.a(cc_pal_pm.c.obj)
                0x00000000000054fc                CC_PalPowerSaveModeInit
 .text.z_impl_gpio_pin_configure
                0x0000000000005538       0x50 app/libapp.a(main.c.obj)
 .text.gpio_pin_configure_dt
                0x0000000000005588       0x16 app/libapp.a(main.c.obj)
 .text.gpio_port_get
                0x000000000000559e       0x18 app/libapp.a(main.c.obj)
 .text.gpio_pin_get
                0x00000000000055b6       0x20 app/libapp.a(main.c.obj)
 .text.gpio_pin_toggle_dt
                0x00000000000055d6       0x14 app/libapp.a(main.c.obj)
 .text.adc_channel_setup_dt
                0x00000000000055ea       0x1a app/libapp.a(main.c.obj)
 .text.adc_raw_to_millivolts
                0x0000000000005604       0x26 app/libapp.a(main.c.obj)
 .text.adc_raw_to_millivolts_dt
                0x000000000000562a       0x3c app/libapp.a(main.c.obj)
 .text.k_msleep
                0x0000000000005666       0x2c app/libapp.a(main.c.obj)
 .text.arch_printk_char_out
                0x0000000000005692        0x4 zephyr/libzephyr.a(printk.c.obj)
                0x0000000000005692                arch_printk_char_out
 .text.printk   0x0000000000005696       0x1c zephyr/libzephyr.a(printk.c.obj)
                0x0000000000005696                printk
 .text.z_thread_entry
                0x00000000000056b2       0x14 zephyr/libzephyr.a(thread_entry.c.obj)
                0x00000000000056b2                z_thread_entry
 .text.set_state
                0x00000000000056c6       0x10 zephyr/libzephyr.a(onoff.c.obj)
 .text.notify_monitors
                0x00000000000056d6       0x44 zephyr/libzephyr.a(onoff.c.obj)
 .text.process_recheck
                0x000000000000571a       0x32 zephyr/libzephyr.a(onoff.c.obj)
 .text.process_complete
                0x000000000000574c       0xa2 zephyr/libzephyr.a(onoff.c.obj)
 .text.validate_args
                0x00000000000057ee       0x2a zephyr/libzephyr.a(onoff.c.obj)
 .text.notify_one
                0x0000000000005818       0x26 zephyr/libzephyr.a(onoff.c.obj)
 .text.notify_all
                0x000000000000583e       0x2e zephyr/libzephyr.a(onoff.c.obj)
 .text.transition_complete
                0x000000000000586c       0x1c zephyr/libzephyr.a(onoff.c.obj)
 .text.onoff_manager_init
                0x0000000000005888       0x3a zephyr/libzephyr.a(onoff.c.obj)
                0x0000000000005888                onoff_manager_init
 .text.onoff_request
                0x00000000000058c2       0xc2 zephyr/libzephyr.a(onoff.c.obj)
                0x00000000000058c2                onoff_request
 .text.sys_notify_validate
                0x0000000000005984       0x3e zephyr/libzephyr.a(notify.c.obj)
                0x0000000000005984                sys_notify_validate
 .text.sys_notify_finalize
                0x00000000000059c2       0x32 zephyr/libzephyr.a(notify.c.obj)
                0x00000000000059c2                sys_notify_finalize
 .text.extract_decimal
                0x00000000000059f4       0x26 zephyr/libzephyr.a(cbprintf_complete.c.obj)
 .text.extract_width
                0x0000000000005a1a       0x5e zephyr/libzephyr.a(cbprintf_complete.c.obj)
 .text.extract_prec
                0x0000000000005a78       0x64 zephyr/libzephyr.a(cbprintf_complete.c.obj)
 .text.extract_length
                0x0000000000005adc       0xce zephyr/libzephyr.a(cbprintf_complete.c.obj)
 .text.extract_specifier
                0x0000000000005baa      0x122 zephyr/libzephyr.a(cbprintf_complete.c.obj)
 .text.extract_conversion
                0x0000000000005ccc       0x44 zephyr/libzephyr.a(cbprintf_complete.c.obj)
 .text.conversion_radix
                0x0000000000005d10       0x2a zephyr/libzephyr.a(cbprintf_complete.c.obj)
 .text.encode_uint
                0x0000000000005d3a       0xa0 zephyr/libzephyr.a(cbprintf_complete.c.obj)
 .text.store_count
                0x0000000000005dda       0x3e zephyr/libzephyr.a(cbprintf_complete.c.obj)
 .text.outs     0x0000000000005e18       0x34 zephyr/libzephyr.a(cbprintf_complete.c.obj)
 .text._ConfigAbsSyms
                0x0000000000005e4c        0x2 zephyr/libzephyr.a(configs.c.obj)
                0x0000000000005e4c                _ConfigAbsSyms
 .text.arch_busy_wait
                0x0000000000005e4e        0x8 zephyr/libzephyr.a(soc.c.obj)
                0x0000000000005e4e                arch_busy_wait
 .text.nrf_regulators_system_off
                0x0000000000005e56        0xe zephyr/libzephyr.a(power.c.obj)
 .text.pm_state_exit_post_ops
                0x0000000000005e64        0xc zephyr/libzephyr.a(power.c.obj)
                0x0000000000005e64                pm_state_exit_post_ops
 .text.atomic_test_and_clear_bit
                0x0000000000005e70       0x30 zephyr/libzephyr.a(pm.c.obj)
 .text.atomic_set_bit
                0x0000000000005ea0       0x1e zephyr/libzephyr.a(pm.c.obj)
 .text.pm_policy_state_lock_is_active
                0x0000000000005ebe        0x4 zephyr/libzephyr.a(policy.c.obj)
                0x0000000000005ebe                pm_policy_state_lock_is_active
 .text.abort_function
                0x0000000000005ec2        0x8 zephyr/libzephyr.a(nrf_cc3xx_platform_abort_zephyr.c.obj)
 .text.z_arm_fatal_error
                0x0000000000005eca        0x8 zephyr/arch/arch/arm/core/aarch32/libarch__arm__core__aarch32.a(fatal.c.obj)
                0x0000000000005eca                z_arm_fatal_error
 .text.z_do_kernel_oops
                0x0000000000005ed2        0xc zephyr/arch/arch/arm/core/aarch32/libarch__arm__core__aarch32.a(fatal.c.obj)
                0x0000000000005ed2                z_do_kernel_oops
 .text.arch_irq_enable
                0x0000000000005ede        0xa zephyr/arch/arch/arm/core/aarch32/libarch__arm__core__aarch32.a(irq_manage.c.obj)
                0x0000000000005ede                arch_irq_enable
 .text.z_arm_irq_priority_set
                0x0000000000005ee8        0xc zephyr/arch/arch/arm/core/aarch32/libarch__arm__core__aarch32.a(irq_manage.c.obj)
                0x0000000000005ee8                z_arm_irq_priority_set
 .text.z_irq_spurious
                0x0000000000005ef4        0xc zephyr/arch/arch/arm/core/aarch32/libarch__arm__core__aarch32.a(irq_manage.c.obj)
                0x0000000000005ef4                z_irq_spurious
 .text.z_arm_nmi
                0x0000000000005f00        0xc zephyr/arch/arch/arm/core/aarch32/libarch__arm__core__aarch32.a(nmi.c.obj)
                0x0000000000005f00                z_arm_nmi
 .text.configure_builtin_stack_guard
                0x0000000000005f0c        0xa zephyr/arch/arch/arm/core/aarch32/libarch__arm__core__aarch32.a(thread.c.obj)
                0x0000000000005f0c                configure_builtin_stack_guard
 .text.memory_fault_recoverable
                0x0000000000005f16        0x4 zephyr/arch/arch/arm/core/aarch32/cortex_m/libarch__arm__core__aarch32__cortex_m.a(fault.c.obj)
 .text.debug_monitor
                0x0000000000005f1a        0x6 zephyr/arch/arch/arm/core/aarch32/cortex_m/libarch__arm__core__aarch32__cortex_m.a(fault.c.obj)
 .text.fault_handle
                0x0000000000005f20       0x46 zephyr/arch/arch/arm/core/aarch32/cortex_m/libarch__arm__core__aarch32__cortex_m.a(fault.c.obj)
 .text.sys_arch_reboot
                0x0000000000005f66        0x6 zephyr/arch/arch/arm/core/aarch32/cortex_m/libarch__arm__core__aarch32__cortex_m.a(scb.c.obj)
                0x0000000000005f66                sys_arch_reboot
 .text.arm_cmse_mpu_region_get
                0x0000000000005f6c       0x14 zephyr/arch/arch/arm/core/aarch32/cortex_m/cmse/libarch__arm__core__aarch32__cortex_m__cmse.a(arm_core_cmse.c.obj)
                0x0000000000005f6c                arm_cmse_mpu_region_get
 .text.region_init
                0x0000000000005f80       0x28 zephyr/arch/arch/arm/core/aarch32/mpu/libarch__arm__core__aarch32__mpu.a(arm_mpu.c.obj)
 .text.mpu_partition_is_valid
                0x0000000000005fa8       0x24 zephyr/arch/arch/arm/core/aarch32/mpu/libarch__arm__core__aarch32__mpu.a(arm_mpu.c.obj)
 .text.region_allocate_and_init
                0x0000000000005fcc       0x16 zephyr/arch/arch/arm/core/aarch32/mpu/libarch__arm__core__aarch32__mpu.a(arm_mpu.c.obj)
 .text.mpu_configure_region
                0x0000000000005fe2       0x3e zephyr/arch/arch/arm/core/aarch32/mpu/libarch__arm__core__aarch32__mpu.a(arm_mpu.c.obj)
 .text.get_region_index
                0x0000000000006020       0x22 zephyr/arch/arch/arm/core/aarch32/mpu/libarch__arm__core__aarch32__mpu.a(arm_mpu.c.obj)
 .text.arm_core_mpu_configure_static_mpu_regions
                0x0000000000006042        0x8 zephyr/arch/arch/arm/core/aarch32/mpu/libarch__arm__core__aarch32__mpu.a(arm_mpu.c.obj)
                0x0000000000006042                arm_core_mpu_configure_static_mpu_regions
 .text.arm_core_mpu_mark_areas_for_dynamic_regions
                0x000000000000604a        0x8 zephyr/arch/arch/arm/core/aarch32/mpu/libarch__arm__core__aarch32__mpu.a(arm_mpu.c.obj)
                0x000000000000604a                arm_core_mpu_mark_areas_for_dynamic_regions
 .text.strncpy  0x0000000000006052       0x34 zephyr/lib/libc/minimal/liblib__libc__minimal.a(string.c.obj)
                0x0000000000006052                strncpy
 .text.strlen   0x0000000000006086       0x12 zephyr/lib/libc/minimal/liblib__libc__minimal.a(string.c.obj)
                0x0000000000006086                strlen
 .text.strnlen  0x0000000000006098       0x14 zephyr/lib/libc/minimal/liblib__libc__minimal.a(string.c.obj)
                0x0000000000006098                strnlen
 .text.memcpy   0x00000000000060ac       0x5e zephyr/lib/libc/minimal/liblib__libc__minimal.a(string.c.obj)
                0x00000000000060ac                memcpy
 .text.memset   0x000000000000610a       0x3c zephyr/lib/libc/minimal/liblib__libc__minimal.a(string.c.obj)
                0x000000000000610a                memset
 .text._stdout_hook_default
                0x0000000000006146        0x6 zephyr/lib/libc/minimal/liblib__libc__minimal.a(stdout_console.c.obj)
 .text.nrf_saadc_channel_init
                0x000000000000614c       0x6a zephyr/drivers/adc/libdrivers__adc.a(adc_nrfx_saadc.c.obj)
 .text.check_buffer_size
                0x00000000000061b6       0x1c zephyr/drivers/adc/libdrivers__adc.a(adc_nrfx_saadc.c.obj)
 .text.adc_context_request_next_sampling
                0x00000000000061d2       0x20 zephyr/drivers/adc/libdrivers__adc.a(adc_nrfx_saadc.c.obj)
 .text.adc_context_on_timer_expired
                0x00000000000061f2        0xa zephyr/drivers/adc/libdrivers__adc.a(adc_nrfx_saadc.c.obj)
 .text.adc_context_lock
                0x00000000000061fc       0x1e zephyr/drivers/adc/libdrivers__adc.a(adc_nrfx_saadc.c.obj)
 .text.adc_context_wait_for_completion
                0x000000000000621a       0x20 zephyr/drivers/adc/libdrivers__adc.a(adc_nrfx_saadc.c.obj)
 .text.adc_context_start_read
                0x000000000000623a       0x56 zephyr/drivers/adc/libdrivers__adc.a(adc_nrfx_saadc.c.obj)
 .text.adc_context_release
                0x0000000000006290       0x12 zephyr/drivers/adc/libdrivers__adc.a(adc_nrfx_saadc.c.obj)
 .text.adc_context_unlock_unconditionally
                0x00000000000062a2       0x10 zephyr/drivers/adc/libdrivers__adc.a(adc_nrfx_saadc.c.obj)
 .text.adc_context_complete
                0x00000000000062b2       0x2a zephyr/drivers/adc/libdrivers__adc.a(adc_nrfx_saadc.c.obj)
 .text.adc_context_on_sampling_done
                0x00000000000062dc       0x94 zephyr/drivers/adc/libdrivers__adc.a(adc_nrfx_saadc.c.obj)
 .text.nrf_clock_is_running
                0x0000000000006370       0x74 zephyr/drivers/clock_control/libdrivers__clock_control.a(clock_control_nrf.c.obj)
 .text.get_sub_data
                0x00000000000063e4        0xe zephyr/drivers/clock_control/libdrivers__clock_control.a(clock_control_nrf.c.obj)
 .text.get_sub_config
                0x00000000000063f2        0x8 zephyr/drivers/clock_control/libdrivers__clock_control.a(clock_control_nrf.c.obj)
 .text.get_onoff_manager
                0x00000000000063fa        0xc zephyr/drivers/clock_control/libdrivers__clock_control.a(clock_control_nrf.c.obj)
 .text.get_status
                0x0000000000006406       0x10 zephyr/drivers/clock_control/libdrivers__clock_control.a(clock_control_nrf.c.obj)
 .text.set_off_state
                0x0000000000006416       0x32 zephyr/drivers/clock_control/libdrivers__clock_control.a(clock_control_nrf.c.obj)
 .text.set_starting_state
                0x0000000000006448       0x3c zephyr/drivers/clock_control/libdrivers__clock_control.a(clock_control_nrf.c.obj)
 .text.set_on_state
                0x0000000000006484       0x26 zephyr/drivers/clock_control/libdrivers__clock_control.a(clock_control_nrf.c.obj)
 .text.clkstarted_handle
                0x00000000000064aa       0x24 zephyr/drivers/clock_control/libdrivers__clock_control.a(clock_control_nrf.c.obj)
 .text.stop     0x00000000000064ce       0x2a zephyr/drivers/clock_control/libdrivers__clock_control.a(clock_control_nrf.c.obj)
 .text.api_stop
                0x00000000000064f8        0xa zephyr/drivers/clock_control/libdrivers__clock_control.a(clock_control_nrf.c.obj)
 .text.async_start
                0x0000000000006502       0x38 zephyr/drivers/clock_control/libdrivers__clock_control.a(clock_control_nrf.c.obj)
 .text.api_start
                0x000000000000653a       0x10 zephyr/drivers/clock_control/libdrivers__clock_control.a(clock_control_nrf.c.obj)
 .text.onoff_started_callback
                0x000000000000654a       0x10 zephyr/drivers/clock_control/libdrivers__clock_control.a(clock_control_nrf.c.obj)
 .text.hfclk_start
                0x000000000000655a        0xa zephyr/drivers/clock_control/libdrivers__clock_control.a(clock_control_nrf.c.obj)
 .text.hfclkaudio_start
                0x0000000000006564        0xa zephyr/drivers/clock_control/libdrivers__clock_control.a(clock_control_nrf.c.obj)
 .text.hfclk192m_start
                0x000000000000656e        0xa zephyr/drivers/clock_control/libdrivers__clock_control.a(clock_control_nrf.c.obj)
 .text.lfclk_start
                0x0000000000006578        0xa zephyr/drivers/clock_control/libdrivers__clock_control.a(clock_control_nrf.c.obj)
 .text.hfclk_stop
                0x0000000000006582        0xa zephyr/drivers/clock_control/libdrivers__clock_control.a(clock_control_nrf.c.obj)
 .text.hfclkaudio_stop
                0x000000000000658c        0xa zephyr/drivers/clock_control/libdrivers__clock_control.a(clock_control_nrf.c.obj)
 .text.hfclk192m_stop
                0x0000000000006596        0xa zephyr/drivers/clock_control/libdrivers__clock_control.a(clock_control_nrf.c.obj)
 .text.lfclk_stop
                0x00000000000065a0        0xa zephyr/drivers/clock_control/libdrivers__clock_control.a(clock_control_nrf.c.obj)
 .text.k_msleep
                0x00000000000065aa       0x2c zephyr/drivers/clock_control/libdrivers__clock_control.a(clock_control_nrf.c.obj)
 .text.blocking_start_callback
                0x00000000000065d6        0xa zephyr/drivers/clock_control/libdrivers__clock_control.a(clock_control_nrf.c.obj)
 .text.sys_slist_remove
                0x00000000000065e0       0x26 zephyr/drivers/gpio/libdrivers__gpio.a(gpio_nrfx.c.obj)
 .text.sys_slist_find_and_remove
                0x0000000000006606       0x20 zephyr/drivers/gpio/libdrivers__gpio.a(gpio_nrfx.c.obj)
 .text.gpio_manage_callback
                0x0000000000006626       0x3e zephyr/drivers/gpio/libdrivers__gpio.a(gpio_nrfx.c.obj)
 .text.gpio_fire_callbacks
                0x0000000000006664       0x40 zephyr/drivers/gpio/libdrivers__gpio.a(gpio_nrfx.c.obj)
 .text.get_drive
                0x00000000000066a4       0x86 zephyr/drivers/gpio/libdrivers__gpio.a(gpio_nrfx.c.obj)
 .text.get_pull
                0x000000000000672a       0x18 zephyr/drivers/gpio/libdrivers__gpio.a(gpio_nrfx.c.obj)
 .text.gpio_nrfx_port_get_raw
                0x0000000000006742        0xc zephyr/drivers/gpio/libdrivers__gpio.a(gpio_nrfx.c.obj)
 .text.gpio_nrfx_port_set_masked_raw
                0x000000000000674e       0x14 zephyr/drivers/gpio/libdrivers__gpio.a(gpio_nrfx.c.obj)
 .text.gpio_nrfx_port_set_bits_raw
                0x0000000000006762        0xa zephyr/drivers/gpio/libdrivers__gpio.a(gpio_nrfx.c.obj)
 .text.gpio_nrfx_port_clear_bits_raw
                0x000000000000676c        0xa zephyr/drivers/gpio/libdrivers__gpio.a(gpio_nrfx.c.obj)
 .text.gpio_nrfx_port_toggle_bits
                0x0000000000006776       0x14 zephyr/drivers/gpio/libdrivers__gpio.a(gpio_nrfx.c.obj)
 .text.get_trigger
                0x000000000000678a       0x2c zephyr/drivers/gpio/libdrivers__gpio.a(gpio_nrfx.c.obj)
 .text.gpio_nrfx_manage_callback
                0x00000000000067b6        0xc zephyr/drivers/gpio/libdrivers__gpio.a(gpio_nrfx.c.obj)
 .text.nrfx_gpio_handler
                0x00000000000067c2       0x1e zephyr/drivers/gpio/libdrivers__gpio.a(gpio_nrfx.c.obj)
 .text.endtx_isr
                0x00000000000067e0       0x32 zephyr/drivers/serial/libdrivers__serial.a(uart_nrfx_uarte.c.obj)
 .text.uarte_nrfx_isr_int
                0x0000000000006812       0x52 zephyr/drivers/serial/libdrivers__serial.a(uart_nrfx_uarte.c.obj)
 .text.uarte_nrfx_configure
                0x0000000000006864       0xc4 zephyr/drivers/serial/libdrivers__serial.a(uart_nrfx_uarte.c.obj)
 .text.uarte_nrfx_config_get
                0x0000000000006928       0x12 zephyr/drivers/serial/libdrivers__serial.a(uart_nrfx_uarte.c.obj)
 .text.uarte_nrfx_err_check
                0x000000000000693a        0xe zephyr/drivers/serial/libdrivers__serial.a(uart_nrfx_uarte.c.obj)
 .text.is_tx_ready
                0x0000000000006948       0x28 zephyr/drivers/serial/libdrivers__serial.a(uart_nrfx_uarte.c.obj)
 .text.uarte_enable
                0x0000000000006970        0xc zephyr/drivers/serial/libdrivers__serial.a(uart_nrfx_uarte.c.obj)
 .text.tx_start
                0x000000000000697c       0x3e zephyr/drivers/serial/libdrivers__serial.a(uart_nrfx_uarte.c.obj)
 .text.uarte_nrfx_poll_in
                0x00000000000069ba       0x2c zephyr/drivers/serial/libdrivers__serial.a(uart_nrfx_uarte.c.obj)
 .text.k_msleep
                0x00000000000069e6       0x2c zephyr/drivers/serial/libdrivers__serial.a(uart_nrfx_uarte.c.obj)
 .text.wait_tx_ready
                0x0000000000006a12       0x4c zephyr/drivers/serial/libdrivers__serial.a(uart_nrfx_uarte.c.obj)
 .text.pinctrl_apply_state
                0x0000000000006a5e       0x20 zephyr/drivers/serial/libdrivers__serial.a(uart_nrfx_uarte.c.obj)
 .text.uarte_instance_init
                0x0000000000006a7e       0xa4 zephyr/drivers/serial/libdrivers__serial.a(uart_nrfx_uarte.c.obj)
 .text.uarte_0_init
                0x0000000000006b22       0x1e zephyr/drivers/serial/libdrivers__serial.a(uart_nrfx_uarte.c.obj)
 .text.sys_clock_idle_exit
                0x0000000000006b40        0x2 zephyr/drivers/timer/libdrivers__timer.a(sys_clock_init.c.obj)
                0x0000000000006b40                sys_clock_idle_exit
 .text.counter_sub
                0x0000000000006b42        0x8 zephyr/drivers/timer/libdrivers__timer.a(nrf_rtc_timer.c.obj)
 .text.event_clear
                0x0000000000006b4a       0x18 zephyr/drivers/timer/libdrivers__timer.a(nrf_rtc_timer.c.obj)
 .text.absolute_time_to_cc
                0x0000000000006b62        0x6 zephyr/drivers/timer/libdrivers__timer.a(nrf_rtc_timer.c.obj)
 .text.full_int_lock
                0x0000000000006b68       0x12 zephyr/drivers/timer/libdrivers__timer.a(nrf_rtc_timer.c.obj)
 .text.full_int_unlock
                0x0000000000006b7a        0xa zephyr/drivers/timer/libdrivers__timer.a(nrf_rtc_timer.c.obj)
 .text.set_absolute_alarm
                0x0000000000006b84       0x76 zephyr/drivers/timer/libdrivers__timer.a(nrf_rtc_timer.c.obj)
 .text.compare_set
                0x0000000000006bfa       0x32 zephyr/drivers/timer/libdrivers__timer.a(nrf_rtc_timer.c.obj)
 .text.pinctrl_lookup_state
                0x0000000000006c2c       0x34 zephyr/drivers/pinctrl/libdrivers__pinctrl.a(common.c.obj)
                0x0000000000006c2c                pinctrl_lookup_state
 .text.k_sys_fatal_error_handler
                0x0000000000006c60        0x8 modules/nrf/lib/fatal_error/lib..__nrf__lib__fatal_error.a(fatal_error.c.obj)
                0x0000000000006c60                k_sys_fatal_error_handler
 .text.hw_cc3xx_init_internal
                0x0000000000006c68        0x8 modules/nrf/drivers/hw_cc310/lib..__nrf__drivers__hw_cc310.a(hw_cc310.c.obj)
 .text.hw_cc3xx_init
                0x0000000000006c70       0x14 modules/nrf/drivers/hw_cc310/lib..__nrf__drivers__hw_cc310.a(hw_cc310.c.obj)
 .text.nrf53_errata_42
                0x0000000000006c84       0x28 modules/hal_nordic/nrfx/libmodules__hal_nordic__nrfx.a(system_nrf5340_application.c.obj)
 .text.nrf53_errata_46
                0x0000000000006cac       0x30 modules/hal_nordic/nrfx/libmodules__hal_nordic__nrfx.a(system_nrf5340_application.c.obj)
 .text.nrf53_errata_49
                0x0000000000006cdc       0x28 modules/hal_nordic/nrfx/libmodules__hal_nordic__nrfx.a(system_nrf5340_application.c.obj)
 .text.nrf53_errata_55
                0x0000000000006d04       0x18 modules/hal_nordic/nrfx/libmodules__hal_nordic__nrfx.a(system_nrf5340_application.c.obj)
 .text.nrf53_errata_64
                0x0000000000006d1c       0x28 modules/hal_nordic/nrfx/libmodules__hal_nordic__nrfx.a(system_nrf5340_application.c.obj)
 .text.nrf53_errata_69
                0x0000000000006d44       0x28 modules/hal_nordic/nrfx/libmodules__hal_nordic__nrfx.a(system_nrf5340_application.c.obj)
 .text.nrf53_errata_97
                0x0000000000006d6c       0x28 modules/hal_nordic/nrfx/libmodules__hal_nordic__nrfx.a(system_nrf5340_application.c.obj)
 .text.nrf53_errata_140
                0x0000000000006d94       0x18 modules/hal_nordic/nrfx/libmodules__hal_nordic__nrfx.a(system_nrf5340_application.c.obj)
 .text.nrfx_isr
                0x0000000000006dac        0x6 modules/hal_nordic/nrfx/libmodules__hal_nordic__nrfx.a(nrfx_glue.c.obj)
                0x0000000000006dac                nrfx_isr
 .text.nrfx_busy_wait
                0x0000000000006db2        0x8 modules/hal_nordic/nrfx/libmodules__hal_nordic__nrfx.a(nrfx_glue.c.obj)
                0x0000000000006db2                nrfx_busy_wait
 .text.nrf_clock_is_running
                0x0000000000006dba       0x74 modules/hal_nordic/nrfx/libmodules__hal_nordic__nrfx.a(nrfx_clock.c.obj)
 .text.clock_initial_lfclksrc_get
                0x0000000000006e2e        0x4 modules/hal_nordic/nrfx/libmodules__hal_nordic__nrfx.a(nrfx_clock.c.obj)
 .text.nrfx_power_clock_irq_init
                0x0000000000006e32       0x14 modules/hal_nordic/nrfx/libmodules__hal_nordic__nrfx.a(nrfx_clock.c.obj)
 .text.clock_stop
                0x0000000000006e46       0xba modules/hal_nordic/nrfx/libmodules__hal_nordic__nrfx.a(nrfx_clock.c.obj)
 .text.clock_lfclksrc_tweak
                0x0000000000006f00       0x2a modules/hal_nordic/nrfx/libmodules__hal_nordic__nrfx.a(nrfx_clock.c.obj)
 .text.nrfx_clock_enable
                0x0000000000006f2a       0x1e modules/hal_nordic/nrfx/libmodules__hal_nordic__nrfx.a(nrfx_clock.c.obj)
                0x0000000000006f2a                nrfx_clock_enable
 .text.nrfx_clock_start
                0x0000000000006f48       0xea modules/hal_nordic/nrfx/libmodules__hal_nordic__nrfx.a(nrfx_clock.c.obj)
                0x0000000000006f48                nrfx_clock_start
 .text.nrfx_clock_stop
                0x0000000000007032        0x8 modules/hal_nordic/nrfx/libmodules__hal_nordic__nrfx.a(nrfx_clock.c.obj)
                0x0000000000007032                nrfx_clock_stop
 .text.nrf_gpiote_event_configure
                0x000000000000703a       0x32 modules/hal_nordic/nrfx/libmodules__hal_nordic__nrfx.a(nrfx_gpiote.c.obj)
 .text.nrf_gpiote_task_configure
                0x000000000000706c       0x3e modules/hal_nordic/nrfx/libmodules__hal_nordic__nrfx.a(nrfx_gpiote.c.obj)
 .text.nrf_gpio_cfg_sense_set
                0x00000000000070aa       0x20 modules/hal_nordic/nrfx/libmodules__hal_nordic__nrfx.a(nrfx_gpiote.c.obj)
 .text.pin_is_task_output
                0x00000000000070ca       0x1e modules/hal_nordic/nrfx/libmodules__hal_nordic__nrfx.a(nrfx_gpiote.c.obj)
 .text.pin_is_input
                0x00000000000070e8        0xe modules/hal_nordic/nrfx/libmodules__hal_nordic__nrfx.a(nrfx_gpiote.c.obj)
 .text.gpiote_polarity_to_trigger
                0x00000000000070f6        0x2 modules/hal_nordic/nrfx/libmodules__hal_nordic__nrfx.a(nrfx_gpiote.c.obj)
 .text.gpiote_trigger_to_polarity
                0x00000000000070f8        0x2 modules/hal_nordic/nrfx/libmodules__hal_nordic__nrfx.a(nrfx_gpiote.c.obj)
 .text.is_level
                0x00000000000070fa        0xa modules/hal_nordic/nrfx/libmodules__hal_nordic__nrfx.a(nrfx_gpiote.c.obj)
 .text.latch_pending_read_and_check
                0x0000000000007104       0x26 modules/hal_nordic/nrfx/libmodules__hal_nordic__nrfx.a(nrfx_gpiote.c.obj)
 .text.z_device_is_ready
                0x000000000000712a       0x20 zephyr/kernel/libkernel.a(device.c.obj)
                0x000000000000712a                z_device_is_ready
 .text.z_fatal_error
                0x000000000000714a       0x34 zephyr/kernel/libkernel.a(fatal.c.obj)
                0x000000000000714a                z_fatal_error
 .text.z_early_memset
                0x000000000000717e        0x8 zephyr/kernel/libkernel.a(init.c.obj)
                0x000000000000717e                z_early_memset
 .text.z_early_memcpy
                0x0000000000007186        0x8 zephyr/kernel/libkernel.a(init.c.obj)
                0x0000000000007186                z_early_memcpy
 .text.create_free_list
                0x000000000000718e       0x2e zephyr/kernel/libkernel.a(mem_slab.c.obj)
 .text.k_mem_slab_init
                0x00000000000071bc       0x1c zephyr/kernel/libkernel.a(mem_slab.c.obj)
                0x00000000000071bc                k_mem_slab_init
 .text.k_mem_slab_free
                0x00000000000071d8       0x5e zephyr/kernel/libkernel.a(mem_slab.c.obj)
                0x00000000000071d8                k_mem_slab_free
 .text.setup_thread_stack
                0x0000000000007236       0x18 zephyr/kernel/libkernel.a(thread.c.obj)
 .text.k_is_in_isr
                0x000000000000724e        0xc zephyr/kernel/libkernel.a(thread.c.obj)
                0x000000000000724e                k_is_in_isr
 .text.z_impl_k_thread_start
                0x000000000000725a        0x8 zephyr/kernel/libkernel.a(thread.c.obj)
                0x000000000000725a                z_impl_k_thread_start
 .text.z_init_thread_base
                0x0000000000007262       0x16 zephyr/kernel/libkernel.a(thread.c.obj)
                0x0000000000007262                z_init_thread_base
 .text.z_impl_k_thread_create
                0x0000000000007278       0x44 zephyr/kernel/libkernel.a(thread.c.obj)
                0x0000000000007278                z_impl_k_thread_create
 .text.z_pm_save_idle_exit
                0x00000000000072bc        0xc zephyr/kernel/libkernel.a(idle.c.obj)
                0x00000000000072bc                z_pm_save_idle_exit
 .text.new_prio_for_inheritance
                0x00000000000072c8       0x16 zephyr/kernel/libkernel.a(mutex.c.obj)
 .text.adjust_owner_prio
                0x00000000000072de       0x16 zephyr/kernel/libkernel.a(mutex.c.obj)
 .text.z_impl_k_mutex_init
                0x00000000000072f4        0xe zephyr/kernel/libkernel.a(mutex.c.obj)
                0x00000000000072f4                z_impl_k_mutex_init
 .text.thread_active_elsewhere
                0x0000000000007302        0x4 zephyr/kernel/libkernel.a(sched.c.obj)
 .text.pended_on_thread
                0x0000000000007306        0x4 zephyr/kernel/libkernel.a(sched.c.obj)
 .text.z_sched_prio_cmp
                0x000000000000730a       0x14 zephyr/kernel/libkernel.a(sched.c.obj)
                0x000000000000730a                z_sched_prio_cmp
 .text.z_unpend_thread_no_timeout
                0x000000000000731e       0x2e zephyr/kernel/libkernel.a(sched.c.obj)
                0x000000000000731e                z_unpend_thread_no_timeout
 .text.z_reschedule_irqlock
                0x000000000000734c       0x1c zephyr/kernel/libkernel.a(sched.c.obj)
                0x000000000000734c                z_reschedule_irqlock
 .text.z_reschedule_unlocked
                0x0000000000007368       0x18 zephyr/kernel/libkernel.a(sched.c.obj)
 .text.z_priq_dumb_remove
                0x0000000000007380       0x10 zephyr/kernel/libkernel.a(sched.c.obj)
                0x0000000000007380                z_priq_dumb_remove
 .text.unpend_thread_no_timeout
                0x0000000000007390       0x1c zephyr/kernel/libkernel.a(sched.c.obj)
 .text.z_unpend_thread
                0x00000000000073ac       0x36 zephyr/kernel/libkernel.a(sched.c.obj)
                0x00000000000073ac                z_unpend_thread
 .text.z_priq_dumb_best
                0x00000000000073e2        0xe zephyr/kernel/libkernel.a(sched.c.obj)
                0x00000000000073e2                z_priq_dumb_best
 .text.z_ready_thread
                0x00000000000073f0       0x38 zephyr/kernel/libkernel.a(sched.c.obj)
                0x00000000000073f0                z_ready_thread
 .text.z_thread_timeout
                0x0000000000007428       0x5e zephyr/kernel/libkernel.a(sched.c.obj)
                0x0000000000007428                z_thread_timeout
 .text.unpend_all
                0x0000000000007486       0x2a zephyr/kernel/libkernel.a(sched.c.obj)
 .text.add_to_waitq_locked
                0x00000000000074b0       0x56 zephyr/kernel/libkernel.a(sched.c.obj)
 .text.pend_locked
                0x0000000000007506       0x18 zephyr/kernel/libkernel.a(sched.c.obj)
 .text.z_unpend1_no_timeout
                0x000000000000751e       0x3c zephyr/kernel/libkernel.a(sched.c.obj)
                0x000000000000751e                z_unpend1_no_timeout
 .text.z_unpend_first_thread
                0x000000000000755a       0x44 zephyr/kernel/libkernel.a(sched.c.obj)
                0x000000000000755a                z_unpend_first_thread
 .text.init_ready_q
                0x000000000000759e        0x8 zephyr/kernel/libkernel.a(sched.c.obj)
                0x000000000000759e                init_ready_q
 .text.z_sched_wake
                0x00000000000075a6       0x5c zephyr/kernel/libkernel.a(sched.c.obj)
                0x00000000000075a6                z_sched_wake
 .text.remove_timeout
                0x0000000000007602       0x2e zephyr/kernel/libkernel.a(timeout.c.obj)
 .text.z_abort_timeout
                0x0000000000007630       0x3c zephyr/kernel/libkernel.a(timeout.c.obj)
                0x0000000000007630                z_abort_timeout
 .text.z_get_next_timeout_expiry
                0x000000000000766c       0x2e zephyr/kernel/libkernel.a(timeout.c.obj)
                0x000000000000766c                z_get_next_timeout_expiry
 .text.z_set_timeout_expiry
                0x000000000000769a       0x56 zephyr/kernel/libkernel.a(timeout.c.obj)
                0x000000000000769a                z_set_timeout_expiry
 .text.sys_clock_tick_get_32
                0x00000000000076f0        0x8 zephyr/kernel/libkernel.a(timeout.c.obj)
                0x00000000000076f0                sys_clock_tick_get_32
 .text.z_impl_k_uptime_ticks
                0x00000000000076f8        0x8 zephyr/kernel/libkernel.a(timeout.c.obj)
                0x00000000000076f8                z_impl_k_uptime_ticks
 .text.z_impl_k_busy_wait
                0x0000000000007700        0xc zephyr/kernel/libkernel.a(timeout.c.obj)
                0x0000000000007700                z_impl_k_busy_wait
 .text.z_reschedule_unlocked
                0x000000000000770c       0x18 zephyr/kernel/libkernel.a(timer.c.obj)
 .text.z_impl_k_timer_stop
                0x0000000000007724       0x26 zephyr/kernel/libkernel.a(timer.c.obj)
                0x0000000000007724                z_impl_k_timer_stop
 .text.poller_thread
                0x000000000000774a        0x8 zephyr/kernel/libkernel.a(poll.c.obj)
 .text.signal_poller
                0x0000000000007752       0x68 zephyr/kernel/libkernel.a(poll.c.obj)
 .text.signal_triggered_work
                0x00000000000077ba       0x2a zephyr/kernel/libkernel.a(poll.c.obj)
 .text.signal_poll_event
                0x00000000000077e4       0x44 zephyr/kernel/libkernel.a(poll.c.obj)
 .text.z_handle_obj_poll_events
                0x0000000000007828       0x1e zephyr/kernel/libkernel.a(poll.c.obj)
                0x0000000000007828                z_handle_obj_poll_events
 .text.sys_slist_remove
                0x0000000000007846       0x26 zephyr/kernel/libkernel.a(work.c.obj)
 .text.notify_queue_locked
                0x000000000000786c       0x14 zephyr/kernel/libkernel.a(work.c.obj)
 .text.submit_to_queue_locked
                0x0000000000007880       0x60 zephyr/kernel/libkernel.a(work.c.obj)
 .text.z_work_submit_to_queue
                0x00000000000078e0       0x2a zephyr/kernel/libkernel.a(work.c.obj)
                0x00000000000078e0                z_work_submit_to_queue
 .text._OffsetAbsSyms
                0x000000000000790a        0x2 zephyr/CMakeFiles/offsets.dir/./arch/arm/core/offsets/offsets.c.obj
                0x000000000000790a                _OffsetAbsSyms
 *(SORT_BY_ALIGNMENT(.TEXT.*))
 *(SORT_BY_ALIGNMENT(.gnu.linkonce.t.*))
 *(SORT_BY_ALIGNMENT(.glue_7t))
 .glue_7t       0x000000000000790c        0x0 linker stubs
 *(SORT_BY_ALIGNMENT(.glue_7))
 .glue_7        0x000000000000790c        0x0 linker stubs
 *(SORT_BY_ALIGNMENT(.vfp11_veneer))
 .vfp11_veneer  0x000000000000790c        0x0 linker stubs
 *(SORT_BY_ALIGNMENT(.v4_bx))
 .v4_bx         0x000000000000790c        0x0 linker stubs
                0x000000000000790c                . = ALIGN (0x4)
                0x000000000000790c                __text_region_end = .

.ARM.exidx      0x000000000000790c        0x8
                0x000000000000790c                __exidx_start = .
 *(SORT_BY_ALIGNMENT(.ARM.exidx*) SORT_BY_ALIGNMENT(gnu.linkonce.armexidx.*))
 .ARM.exidx     0x000000000000790c        0x8 c:/ncs/toolchains/v2.2.0/opt/zephyr-sdk/arm-zephyr-eabi/bin/../lib/gcc/arm-zephyr-eabi/12.1.0/thumb/v8-m.main/nofp\libgcc.a(_udivmoddi4.o)
                0x0000000000007914                __exidx_end = .
                0x0000000000007914                __rodata_region_start = .

initlevel       0x0000000000007914       0x60
                0x0000000000007914                __init_start = .
                0x0000000000007914                __init_EARLY_start = .
 *(SORT_BY_NAME(SORT_BY_ALIGNMENT(.z_init_EARLY[0-9]_*)))
 *(SORT_BY_NAME(SORT_BY_ALIGNMENT(.z_init_EARLY[1-9][0-9]_*)))
                0x0000000000007914                __init_PRE_KERNEL_1_start = .
 *(SORT_BY_NAME(SORT_BY_ALIGNMENT(.z_init_PRE_KERNEL_1[0-9]_*)))
 .z_init_PRE_KERNEL_10_
                0x0000000000007914        0x8 zephyr/libzephyr.a(soc.c.obj)
 *(SORT_BY_NAME(SORT_BY_ALIGNMENT(.z_init_PRE_KERNEL_1[1-9][0-9]_*)))
 .z_init_PRE_KERNEL_130_
                0x000000000000791c        0x8 zephyr/drivers/clock_control/libdrivers__clock_control.a(clock_control_nrf.c.obj)
 .z_init_PRE_KERNEL_130_
                0x0000000000007924        0x8 zephyr/kernel/libkernel.a(mem_slab.c.obj)
 .z_init_PRE_KERNEL_140_
                0x000000000000792c       0x10 zephyr/drivers/gpio/libdrivers__gpio.a(gpio_nrfx.c.obj)
 .z_init_PRE_KERNEL_140_
                0x000000000000793c        0x8 modules/nrf/drivers/hw_cc310/lib..__nrf__drivers__hw_cc310.a(hw_cc310.c.obj)
 .z_init_PRE_KERNEL_155_
                0x0000000000007944        0x8 zephyr/drivers/serial/libdrivers__serial.a(uart_nrfx_uarte.c.obj)
 .z_init_PRE_KERNEL_160_
                0x000000000000794c        0x8 zephyr/drivers/console/libdrivers__console.a(uart_console.c.obj)
                0x0000000000007954                __init_PRE_KERNEL_2_start = .
 *(SORT_BY_NAME(SORT_BY_ALIGNMENT(.z_init_PRE_KERNEL_2[0-9]_*)))
 .z_init_PRE_KERNEL_20_
                0x0000000000007954        0x8 zephyr/drivers/timer/libdrivers__timer.a(nrf_rtc_timer.c.obj)
 *(SORT_BY_NAME(SORT_BY_ALIGNMENT(.z_init_PRE_KERNEL_2[1-9][0-9]_*)))
                0x000000000000795c                __init_POST_KERNEL_start = .
 *(SORT_BY_NAME(SORT_BY_ALIGNMENT(.z_init_POST_KERNEL[0-9]_*)))
 *(SORT_BY_NAME(SORT_BY_ALIGNMENT(.z_init_POST_KERNEL[1-9][0-9]_*)))
 .z_init_POST_KERNEL40_
                0x000000000000795c        0x8 modules/nrf/drivers/hw_cc310/lib..__nrf__drivers__hw_cc310.a(hw_cc310.c.obj)
 .z_init_POST_KERNEL40_
                0x0000000000007964        0x8 zephyr/kernel/libkernel.a(system_work_q.c.obj)
 .z_init_POST_KERNEL50_
                0x000000000000796c        0x8 zephyr/drivers/adc/libdrivers__adc.a(adc_nrfx_saadc.c.obj)
                0x0000000000007974                __init_APPLICATION_start = .
 *(SORT_BY_NAME(SORT_BY_ALIGNMENT(.z_init_APPLICATION[0-9]_*)))
 *(SORT_BY_NAME(SORT_BY_ALIGNMENT(.z_init_APPLICATION[1-9][0-9]_*)))
                0x0000000000007974                __init_SMP_start = .
 *(SORT_BY_NAME(SORT_BY_ALIGNMENT(.z_init_SMP[0-9]_*)))
 *(SORT_BY_NAME(SORT_BY_ALIGNMENT(.z_init_SMP[1-9][0-9]_*)))
                0x0000000000007974                __init_end = .

devices         0x0000000000007974       0x78
                0x0000000000007974                __device_start = .
                0x0000000000007974                __device_EARLY_start = .
 *(SORT_BY_NAME(SORT_BY_ALIGNMENT(.z_device_EARLY[0-9]_*)))
 *(SORT_BY_NAME(SORT_BY_ALIGNMENT(.z_device_EARLY[1-9][0-9]_*)))
                0x0000000000007974                __device_PRE_KERNEL_1_start = .
 *(SORT_BY_NAME(SORT_BY_ALIGNMENT(.z_device_PRE_KERNEL_1[0-9]_*)))
 *(SORT_BY_NAME(SORT_BY_ALIGNMENT(.z_device_PRE_KERNEL_1[1-9][0-9]_*)))
 .z_device_PRE_KERNEL_130_
                0x0000000000007974       0x18 zephyr/drivers/clock_control/libdrivers__clock_control.a(clock_control_nrf.c.obj)
                0x0000000000007974                __device_dts_ord_77
 .z_device_PRE_KERNEL_140_
                0x000000000000798c       0x30 zephyr/drivers/gpio/libdrivers__gpio.a(gpio_nrfx.c.obj)
                0x000000000000798c                __device_dts_ord_32
                0x00000000000079a4                __device_dts_ord_12
 .z_device_PRE_KERNEL_155_
                0x00000000000079bc       0x18 zephyr/drivers/serial/libdrivers__serial.a(uart_nrfx_uarte.c.obj)
                0x00000000000079bc                __device_dts_ord_118
                0x00000000000079d4                __device_PRE_KERNEL_2_start = .
 *(SORT_BY_NAME(SORT_BY_ALIGNMENT(.z_device_PRE_KERNEL_2[0-9]_*)))
 *(SORT_BY_NAME(SORT_BY_ALIGNMENT(.z_device_PRE_KERNEL_2[1-9][0-9]_*)))
                0x00000000000079d4                __device_POST_KERNEL_start = .
 *(SORT_BY_NAME(SORT_BY_ALIGNMENT(.z_device_POST_KERNEL[0-9]_*)))
 *(SORT_BY_NAME(SORT_BY_ALIGNMENT(.z_device_POST_KERNEL[1-9][0-9]_*)))
 .z_device_POST_KERNEL50_
                0x00000000000079d4       0x18 zephyr/drivers/adc/libdrivers__adc.a(adc_nrfx_saadc.c.obj)
                0x00000000000079d4                __device_dts_ord_9
                0x00000000000079ec                __device_APPLICATION_start = .
 *(SORT_BY_NAME(SORT_BY_ALIGNMENT(.z_device_APPLICATION[0-9]_*)))
 *(SORT_BY_NAME(SORT_BY_ALIGNMENT(.z_device_APPLICATION[1-9][0-9]_*)))
                0x00000000000079ec                __device_SMP_start = .
 *(SORT_BY_NAME(SORT_BY_ALIGNMENT(.z_device_SMP[0-9]_*)))
 *(SORT_BY_NAME(SORT_BY_ALIGNMENT(.z_device_SMP[1-9][0-9]_*)))
                0x00000000000079ec                __device_end = .

sw_isr_table    0x00000000000079ec      0x228
                0x00000000000079ec                . = ALIGN (0x4)
 *(SORT_BY_ALIGNMENT(.gnu.linkonce.sw_isr_table*))
 .gnu.linkonce.sw_isr_table
                0x00000000000079ec      0x228 zephyr/CMakeFiles/zephyr_final.dir/isr_tables.c.obj
                0x00000000000079ec                _sw_isr_table

initlevel_error
                0x0000000000007914        0x0
 *(SORT_BY_NAME(SORT_BY_ALIGNMENT(.z_init_[_A-Z0-9]*)))
                0x0000000000000001                ASSERT ((SIZEOF (initlevel_error) == 0x0), Undefined initialization levels used.)

app_shmem_regions
                0x0000000000007c14        0x0
                0x0000000000007c14                __app_shmem_regions_start = .
 *(SORT_BY_NAME(SORT_BY_ALIGNMENT(.app_regions.*)))
                0x0000000000007c14                __app_shmem_regions_end = .

k_p4wq_initparam_area
                0x0000000000007c14        0x0
                0x0000000000007c14                _k_p4wq_initparam_list_start = .
 *(SORT_BY_NAME(SORT_BY_ALIGNMENT(._k_p4wq_initparam.static.*)))
                0x0000000000007c14                _k_p4wq_initparam_list_end = .

_static_thread_data_area
                0x0000000000007c14        0x0
                0x0000000000007c14                __static_thread_data_list_start = .
 *(SORT_BY_NAME(SORT_BY_ALIGNMENT(.__static_thread_data.static.*)))
                0x0000000000007c14                __static_thread_data_list_end = .

device_handles  0x0000000000007c14       0x1e
                0x0000000000007c14                __device_handles_start = .
 *(SORT_BY_NAME(SORT_BY_ALIGNMENT(.__device_handles_pass2*)))
 .__device_handles_pass2
                0x0000000000007c14       0x1e zephyr/CMakeFiles/zephyr_final.dir/dev_handles.c.obj
                0x0000000000007c14                __devicehdl_dts_ord_9
                0x0000000000007c1a                __devicehdl_dts_ord_118
                0x0000000000007c20                __devicehdl_dts_ord_12
                0x0000000000007c26                __devicehdl_dts_ord_32
                0x0000000000007c2c                __devicehdl_dts_ord_77
                0x0000000000007c32                __device_handles_end = .

ztest           0x0000000000007c32        0x0
                0x0000000000007c32                _ztest_expected_result_entry_list_start = .
 *(SORT_BY_NAME(SORT_BY_ALIGNMENT(._ztest_expected_result_entry.static.*)))
                0x0000000000007c32                _ztest_expected_result_entry_list_end = .
                0x0000000000007c32                _ztest_suite_node_list_start = .
 *(SORT_BY_NAME(SORT_BY_ALIGNMENT(._ztest_suite_node.static.*)))
                0x0000000000007c32                _ztest_suite_node_list_end = .
                0x0000000000007c32                _ztest_unit_test_list_start = .
 *(SORT_BY_NAME(SORT_BY_ALIGNMENT(._ztest_unit_test.static.*)))
                0x0000000000007c32                _ztest_unit_test_list_end = .
                0x0000000000007c32                _ztest_test_rule_list_start = .
 *(SORT_BY_NAME(SORT_BY_ALIGNMENT(._ztest_test_rule.static.*)))
                0x0000000000007c32                _ztest_test_rule_list_end = .

bt_l2cap_fixed_chan_area
                0x0000000000007c32        0x0
                0x0000000000007c32                _bt_l2cap_fixed_chan_list_start = .
 *(SORT_BY_NAME(SORT_BY_ALIGNMENT(._bt_l2cap_fixed_chan.static.*)))
                0x0000000000007c32                _bt_l2cap_fixed_chan_list_end = .

bt_gatt_service_static_area
                0x0000000000007c32        0x0
                0x0000000000007c32                _bt_gatt_service_static_list_start = .
 *(SORT_BY_NAME(SORT_BY_ALIGNMENT(._bt_gatt_service_static.static.*)))
                0x0000000000007c32                _bt_gatt_service_static_list_end = .

log_strings_sections
                0x0000000000007c32        0x0
                0x0000000000007c32                __log_strings_start = .
 *(SORT_BY_NAME(SORT_BY_ALIGNMENT(.log_strings*)))
                0x0000000000007c32                __log_strings_end = .

log_const_sections
                0x0000000000007c32        0x0
                0x0000000000007c32                __log_const_start = .
 *(SORT_BY_NAME(SORT_BY_ALIGNMENT(.log_const_*)))
                0x0000000000007c32                __log_const_end = .

log_backend_area
                0x0000000000007c32        0x0
                0x0000000000007c32                _log_backend_list_start = .
 *(SORT_BY_NAME(SORT_BY_ALIGNMENT(._log_backend.static.*)))
                0x0000000000007c32                _log_backend_list_end = .

log_link_area   0x0000000000007c32        0x0
                0x0000000000007c32                _log_link_list_start = .
 *(SORT_BY_NAME(SORT_BY_ALIGNMENT(._log_link.static.*)))
                0x0000000000007c32                _log_link_list_end = .

tracing_backend_area
                0x0000000000007c32        0x0
                0x0000000000007c32                _tracing_backend_list_start = .
 *(SORT_BY_NAME(SORT_BY_ALIGNMENT(._tracing_backend.static.*)))
                0x0000000000007c32                _tracing_backend_list_end = .

zephyr_dbg_info
                0x0000000000007c34       0x40
 *(SORT_BY_ALIGNMENT(.dbg_thread_info))
 .dbg_thread_info
                0x0000000000007c34       0x40 zephyr/libzephyr.a(thread_info.c.obj)
                0x0000000000007c34                _kernel_openocd_size_t_size
                0x0000000000007c34                _kernel_thread_info_size_t_size
                0x0000000000007c38                _kernel_openocd_num_offsets
                0x0000000000007c38                _kernel_thread_info_num_offsets
                0x0000000000007c3c                _kernel_openocd_offsets
                0x0000000000007c3c                _kernel_thread_info_offsets

symbol_to_keep  0x0000000000007c74        0x0
                0x0000000000007c74                __symbol_to_keep_start = .
 *(SORT_BY_NAME(SORT_BY_ALIGNMENT(.symbol_to_keep*)))
                0x0000000000007c74                __symbol_to_keep_end = .

shell_area      0x0000000000007c74        0x0
                0x0000000000007c74                _shell_list_start = .
 *(SORT_BY_NAME(SORT_BY_ALIGNMENT(._shell.static.*)))
                0x0000000000007c74                _shell_list_end = .

shell_root_cmds_sections
                0x0000000000007c74        0x0
                0x0000000000007c74                __shell_root_cmds_start = .
 *(SORT_BY_NAME(SORT_BY_ALIGNMENT(.shell_root_cmd_*)))
                0x0000000000007c74                __shell_root_cmds_end = .

shell_subcmds_sections
                0x0000000000007c74        0x0
                0x0000000000007c74                __shell_subcmds_start = .
 *(SORT_BY_NAME(SORT_BY_ALIGNMENT(.shell_subcmd_*)))
                0x0000000000007c74                __shell_subcmds_end = .

shell_dynamic_subcmds_sections
                0x0000000000007c74        0x0
                0x0000000000007c74                __shell_dynamic_subcmds_start = .
 *(SORT_BY_NAME(SORT_BY_ALIGNMENT(.shell_dynamic_subcmd_*)))
                0x0000000000007c74                __shell_dynamic_subcmds_end = .

font_entry_sections
                0x0000000000007c74        0x0
                0x0000000000007c74                __font_entry_start = .
 *(SORT_BY_NAME(SORT_BY_ALIGNMENT(._cfb_font.*)))
                0x0000000000007c74                __font_entry_end = .

rodata          0x0000000000007c80      0x45c
 *(SORT_BY_ALIGNMENT(.rodata))
 .rodata        0x0000000000007c80        0x8 modules/hal_nordic/nrfx/libmodules__hal_nordic__nrfx.a(nrfx_gpiote.c.obj)
 *(SORT_BY_ALIGNMENT(.rodata.*))
 *fill*         0x0000000000007c88        0x8 
 .rodata.delay_machine_code.0
                0x0000000000007c90        0x6 zephyr/libzephyr.a(soc.c.obj)
 *fill*         0x0000000000007c96        0x2 
 .rodata.main.str1.4
                0x0000000000007c98       0xb6 app/libapp.a(main.c.obj)
 *fill*         0x0000000000007d4e        0x2 
 .rodata.adc_channels
                0x0000000000007d50       0x3c app/libapp.a(main.c.obj)
 .rodata.button
                0x0000000000007d8c        0x8 app/libapp.a(main.c.obj)
 .rodata.led_1  0x0000000000007d94        0x8 app/libapp.a(main.c.obj)
 .rodata.led    0x0000000000007d9c        0x8 app/libapp.a(main.c.obj)
 .rodata.z_cbvprintf_impl.str1.4
                0x0000000000007da4        0x6 zephyr/libzephyr.a(cbprintf_complete.c.obj)
 *fill*         0x0000000000007daa        0x2 
 .rodata.sys_reboot.str1.4
                0x0000000000007dac       0x29 zephyr/libzephyr.a(reboot.c.obj)
 *fill*         0x0000000000007dd5        0x3 
 .rodata.pmstates_DT_N_S_cpus_S_cpu_0
                0x0000000000007dd8        0x0 zephyr/libzephyr.a(state.c.obj)
 .rodata.apis   0x0000000000007dd8        0x8 zephyr/libzephyr.a(nrf_cc3xx_platform_abort_zephyr.c.obj)
 .rodata.mutex_free_platform.str1.4
                0x0000000000007de0       0x26 zephyr/libzephyr.a(nrf_cc3xx_platform_mutex_zephyr.c.obj)
 *fill*         0x0000000000007e06        0x2 
 .rodata.mutex_init_platform.str1.4
                0x0000000000007e08       0x2d zephyr/libzephyr.a(nrf_cc3xx_platform_mutex_zephyr.c.obj)
 *fill*         0x0000000000007e35        0x3 
 .rodata.mutexes
                0x0000000000007e38       0x14 zephyr/libzephyr.a(nrf_cc3xx_platform_mutex_zephyr.c.obj)
 .rodata.mutex_apis
                0x0000000000007e4c       0x10 zephyr/libzephyr.a(nrf_cc3xx_platform_mutex_zephyr.c.obj)
 .rodata.static_regions
                0x0000000000007e5c        0xc zephyr/arch/arch/arm/core/aarch32/mpu/libarch__arm__core__aarch32__mpu.a(arm_core_mpu.c.obj)
 .rodata.mpu_config
                0x0000000000007e68        0x8 zephyr/soc/arm/common/cortex_m/libsoc__arm__common__cortex_m.a(arm_mpu_regions.c.obj)
                0x0000000000007e68                mpu_config
 .rodata.str1.4
                0x0000000000007e70        0xf zephyr/soc/arm/common/cortex_m/libsoc__arm__common__cortex_m.a(arm_mpu_regions.c.obj)
 *fill*         0x0000000000007e7f        0x1 
 .rodata.mpu_regions
                0x0000000000007e80       0x20 zephyr/soc/arm/common/cortex_m/libsoc__arm__common__cortex_m.a(arm_mpu_regions.c.obj)
 .rodata.gains.0
                0x0000000000007ea0       0x28 zephyr/drivers/adc/libdrivers__adc.a(adc_common.c.obj)
 .rodata.str1.4
                0x0000000000007ec8        0x9 zephyr/drivers/adc/libdrivers__adc.a(adc_nrfx_saadc.c.obj)
 *fill*         0x0000000000007ed1        0x3 
 .rodata.adc_nrfx_driver_api